src/pages/agent/AgentLayout.tsx(2,42): error TS2792: Cannot find module 'react-router-dom'. Did you mean to set the 'moduleResolution' option to 'nodenext', or to add aliases to the 'paths' option?
src/pages/agent/AgentLayout.tsx(3,29): error TS2792: Cannot find module '@/contexts/DarkModeContext'. Did you mean to set the 'moduleResolution' option to 'nodenext', or to add aliases to the 'paths' option?
src/pages/agent/AgentLayout.tsx(4,29): error TS2792: Cannot find module '@/hooks/use-mobile'. Did you mean to set the 'moduleResolution' option to 'nodenext', or to add aliases to the 'paths' option?
src/pages/agent/AgentLayout.tsx(5,37): error TS2792: Cannot find module '@/components/ui/sheet'. Did you mean to set the 'moduleResolution' option to 'nodenext', or to add aliases to the 'paths' option?
src/pages/agent/AgentLayout.tsx(6,24): error TS2792: Cannot find module '@/components/ui/button'. Did you mean to set the 'moduleResolution' option to 'nodenext', or to add aliases to the 'paths' option?
src/pages/agent/AgentLayout.tsx(7,29): error TS2792: Cannot find module '@/components/DashboardLayout'. Did you mean to set the 'moduleResolution' option to 'nodenext', or to add aliases to the 'paths' option?
src/pages/agent/AgentLayout.tsx(33,8): error TS2792: Cannot find module 'lucide-react'. Did you mean to set the 'moduleResolution' option to 'nodenext', or to add aliases to the 'paths' option?
src/pages/agent/AgentLayout.tsx(34,53): error TS2792: Cannot find module '@/components/ui/avatar'. Did you mean to set the 'moduleResolution' option to 'nodenext', or to add aliases to the 'paths' option?
src/pages/agent/AgentLayout.tsx(35,25): error TS2792: Cannot find module '@/contexts/AuthContext'. Did you mean to set the 'moduleResolution' option to 'nodenext', or to add aliases to the 'paths' option?
src/pages/agent/AgentLayout.tsx(36,40): error TS2792: Cannot find module 'lucide-react'. Did you mean to set the 'moduleResolution' option to 'nodenext', or to add aliases to the 'paths' option?
src/pages/agent/AgentLayout.tsx(63,7): error TS2322: Type '({ activeSection, title, subtitle, headerActions, children, hideTopBar }: AgentLayoutProps) => Element' is not assignable to type 'FC<AgentLayoutProps>'.
  Type 'Element' is not assignable to type 'ReactNode'.
src/pages/agent/AgentLayout.tsx(86,7): error TS2339: Property 'div' does not exist on type 'JSX.IntrinsicElements'.
src/pages/agent/AgentLayout.tsx(88,11): error TS2339: Property 'div' does not exist on type 'JSX.IntrinsicElements'.
src/pages/agent/AgentLayout.tsx(89,13): error TS2339: Property 'div' does not exist on type 'JSX.IntrinsicElements'.
src/pages/agent/AgentLayout.tsx(97,15): error TS2339: Property 'div' does not exist on type 'JSX.IntrinsicElements'.
src/pages/agent/AgentLayout.tsx(98,17): error TS2339: Property 'div' does not exist on type 'JSX.IntrinsicElements'.
src/pages/agent/AgentLayout.tsx(99,19): error TS2339: Property 'h1' does not exist on type 'JSX.IntrinsicElements'.
src/pages/agent/AgentLayout.tsx(99,131): error TS2339: Property 'h1' does not exist on type 'JSX.IntrinsicElements'.
src/pages/agent/AgentLayout.tsx(101,17): error TS2339: Property 'div' does not exist on type 'JSX.IntrinsicElements'.
src/pages/agent/AgentLayout.tsx(102,17): error TS2339: Property 'span' does not exist on type 'JSX.IntrinsicElements'.
src/pages/agent/AgentLayout.tsx(102,114): error TS2339: Property 'span' does not exist on type 'JSX.IntrinsicElements'.
src/pages/agent/AgentLayout.tsx(103,15): error TS2339: Property 'div' does not exist on type 'JSX.IntrinsicElements'.
src/pages/agent/AgentLayout.tsx(104,13): error TS2339: Property 'div' does not exist on type 'JSX.IntrinsicElements'.
src/pages/agent/AgentLayout.tsx(105,13): error TS2339: Property 'div' does not exist on type 'JSX.IntrinsicElements'.
src/pages/agent/AgentLayout.tsx(114,15): error TS2339: Property 'span' does not exist on type 'JSX.IntrinsicElements'.
src/pages/agent/AgentLayout.tsx(114,115): error TS2339: Property 'span' does not exist on type 'JSX.IntrinsicElements'.
src/pages/agent/AgentLayout.tsx(115,13): error TS2339: Property 'div' does not exist on type 'JSX.IntrinsicElements'.
src/pages/agent/AgentLayout.tsx(118,13): error TS2339: Property 'div' does not exist on type 'JSX.IntrinsicElements'.
src/pages/agent/AgentLayout.tsx(121,15): error TS2339: Property 'div' does not exist on type 'JSX.IntrinsicElements'.
src/pages/agent/AgentLayout.tsx(123,17): error TS2339: Property 'div' does not exist on type 'JSX.IntrinsicElements'.
src/pages/agent/AgentLayout.tsx(133,17): error TS2339: Property 'div' does not exist on type 'JSX.IntrinsicElements'.
src/pages/agent/AgentLayout.tsx(134,19): error TS2339: Property 'h3' does not exist on type 'JSX.IntrinsicElements'.
src/pages/agent/AgentLayout.tsx(134,164): error TS2339: Property 'h3' does not exist on type 'JSX.IntrinsicElements'.
src/pages/agent/AgentLayout.tsx(135,19): error TS2339: Property 'div' does not exist on type 'JSX.IntrinsicElements'.
src/pages/agent/AgentLayout.tsx(136,21): error TS2339: Property 'div' does not exist on type 'JSX.IntrinsicElements'.
src/pages/agent/AgentLayout.tsx(137,23): error TS2339: Property 'span' does not exist on type 'JSX.IntrinsicElements'.
src/pages/agent/AgentLayout.tsx(137,116): error TS2339: Property 'span' does not exist on type 'JSX.IntrinsicElements'.
src/pages/agent/AgentLayout.tsx(138,23): error TS2339: Property 'span' does not exist on type 'JSX.IntrinsicElements'.
src/pages/agent/AgentLayout.tsx(138,86): error TS2339: Property 'span' does not exist on type 'JSX.IntrinsicElements'.
src/pages/agent/AgentLayout.tsx(139,21): error TS2339: Property 'div' does not exist on type 'JSX.IntrinsicElements'.
src/pages/agent/AgentLayout.tsx(140,21): error TS2339: Property 'div' does not exist on type 'JSX.IntrinsicElements'.
src/pages/agent/AgentLayout.tsx(141,24): error TS2339: Property 'span' does not exist on type 'JSX.IntrinsicElements'.
src/pages/agent/AgentLayout.tsx(141,61): error TS2339: Property 'span' does not exist on type 'JSX.IntrinsicElements'.
src/pages/agent/AgentLayout.tsx(142,24): error TS2339: Property 'span' does not exist on type 'JSX.IntrinsicElements'.
src/pages/agent/AgentLayout.tsx(142,68): error TS2339: Property 'span' does not exist on type 'JSX.IntrinsicElements'.
src/pages/agent/AgentLayout.tsx(143,24): error TS2339: Property 'span' does not exist on type 'JSX.IntrinsicElements'.
src/pages/agent/AgentLayout.tsx(143,58): error TS2339: Property 'span' does not exist on type 'JSX.IntrinsicElements'.
src/pages/agent/AgentLayout.tsx(144,21): error TS2339: Property 'div' does not exist on type 'JSX.IntrinsicElements'.
src/pages/agent/AgentLayout.tsx(145,21): error TS2339: Property 'div' does not exist on type 'JSX.IntrinsicElements'.
src/pages/agent/AgentLayout.tsx(146,24): error TS2339: Property 'div' does not exist on type 'JSX.IntrinsicElements'.
src/pages/agent/AgentLayout.tsx(146,79): error TS2339: Property 'div' does not exist on type 'JSX.IntrinsicElements'.
src/pages/agent/AgentLayout.tsx(147,24): error TS2339: Property 'span' does not exist on type 'JSX.IntrinsicElements'.
src/pages/agent/AgentLayout.tsx(147,130): error TS2339: Property 'span' does not exist on type 'JSX.IntrinsicElements'.
src/pages/agent/AgentLayout.tsx(148,21): error TS2339: Property 'div' does not exist on type 'JSX.IntrinsicElements'.
src/pages/agent/AgentLayout.tsx(149,19): error TS2339: Property 'div' does not exist on type 'JSX.IntrinsicElements'.
src/pages/agent/AgentLayout.tsx(150,17): error TS2339: Property 'div' does not exist on type 'JSX.IntrinsicElements'.
src/pages/agent/AgentLayout.tsx(161,15): error TS2339: Property 'div' does not exist on type 'JSX.IntrinsicElements'.
src/pages/agent/AgentLayout.tsx(162,13): error TS2339: Property 'div' does not exist on type 'JSX.IntrinsicElements'.
src/pages/agent/AgentLayout.tsx(166,15): error TS2339: Property 'div' does not exist on type 'JSX.IntrinsicElements'.
src/pages/agent/AgentLayout.tsx(171,11): error TS2339: Property 'div' does not exist on type 'JSX.IntrinsicElements'.
src/pages/agent/AgentLayout.tsx(174,7): error TS2339: Property 'div' does not exist on type 'JSX.IntrinsicElements'.
src/pages/agent/dashboard/FarmsTab.tsx(2,75): error TS2792: Cannot find module '@/components/ui/card'. Did you mean to set the 'moduleResolution' option to 'nodenext', or to add aliases to the 'paths' option?
src/pages/agent/dashboard/FarmsTab.tsx(3,23): error TS2792: Cannot find module '@/components/ui/input'. Did you mean to set the 'moduleResolution' option to 'nodenext', or to add aliases to the 'paths' option?
src/pages/agent/dashboard/FarmsTab.tsx(4,24): error TS2792: Cannot find module '@/components/ui/button'. Did you mean to set the 'moduleResolution' option to 'nodenext', or to add aliases to the 'paths' option?
src/pages/agent/dashboard/FarmsTab.tsx(5,79): error TS2792: Cannot find module '@/components/ui/table'. Did you mean to set the 'moduleResolution' option to 'nodenext', or to add aliases to the 'paths' option?
src/pages/agent/dashboard/FarmsTab.tsx(6,66): error TS2792: Cannot find module 'lucide-react'. Did you mean to set the 'moduleResolution' option to 'nodenext', or to add aliases to the 'paths' option?
src/pages/agent/dashboard/FarmsTab.tsx(16,7): error TS2322: Type '({ filteredFarms, farmerSearch, setFarmerSearch, handleViewFarmer, handleLogVisit }: FarmsTabProps) => Element' is not assignable to type 'FC<FarmsTabProps>'.
  Type 'Element' is not assignable to type 'ReactNode'.
src/pages/agent/dashboard/FarmsTab.tsx(26,9): error TS2339: Property 'div' does not exist on type 'JSX.IntrinsicElements'.
src/pages/agent/dashboard/FarmsTab.tsx(31,9): error TS2339: Property 'div' does not exist on type 'JSX.IntrinsicElements'.
src/pages/agent/dashboard/FarmsTab.tsx(34,9): error TS2339: Property 'div' does not exist on type 'JSX.IntrinsicElements'.
src/pages/agent/dashboard/FarmsTab.tsx(35,11): error TS2339: Property 'div' does not exist on type 'JSX.IntrinsicElements'.
src/pages/agent/dashboard/FarmsTab.tsx(43,11): error TS2339: Property 'div' does not exist on type 'JSX.IntrinsicElements'.
src/pages/agent/dashboard/FarmsTab.tsx(44,11): error TS2339: Property 'div' does not exist on type 'JSX.IntrinsicElements'.
src/pages/agent/dashboard/FarmsTab.tsx(51,11): error TS2339: Property 'div' does not exist on type 'JSX.IntrinsicElements'.
src/pages/agent/dashboard/FarmsTab.tsx(52,9): error TS2339: Property 'div' does not exist on type 'JSX.IntrinsicElements'.
src/pages/agent/dashboard/FarmsTab.tsx(55,9): error TS2339: Property 'div' does not exist on type 'JSX.IntrinsicElements'.
src/pages/agent/dashboard/FarmsTab.tsx(58,15): error TS2339: Property 'div' does not exist on type 'JSX.IntrinsicElements'.
src/pages/agent/dashboard/FarmsTab.tsx(59,17): error TS2339: Property 'div' does not exist on type 'JSX.IntrinsicElements'.
src/pages/agent/dashboard/FarmsTab.tsx(60,19): error TS2339: Property 'div' does not exist on type 'JSX.IntrinsicElements'.
src/pages/agent/dashboard/FarmsTab.tsx(61,21): error TS2339: Property 'img' does not exist on type 'JSX.IntrinsicElements'.
src/pages/agent/dashboard/FarmsTab.tsx(66,19): error TS2339: Property 'div' does not exist on type 'JSX.IntrinsicElements'.
src/pages/agent/dashboard/FarmsTab.tsx(67,19): error TS2339: Property 'div' does not exist on type 'JSX.IntrinsicElements'.
src/pages/agent/dashboard/FarmsTab.tsx(68,21): error TS2339: Property 'h4' does not exist on type 'JSX.IntrinsicElements'.
src/pages/agent/dashboard/FarmsTab.tsx(68,109): error TS2339: Property 'h4' does not exist on type 'JSX.IntrinsicElements'.
src/pages/agent/dashboard/FarmsTab.tsx(69,21): error TS2339: Property 'p' does not exist on type 'JSX.IntrinsicElements'.
src/pages/agent/dashboard/FarmsTab.tsx(69,154): error TS2339: Property 'p' does not exist on type 'JSX.IntrinsicElements'.
src/pages/agent/dashboard/FarmsTab.tsx(70,19): error TS2339: Property 'div' does not exist on type 'JSX.IntrinsicElements'.
src/pages/agent/dashboard/FarmsTab.tsx(71,17): error TS2339: Property 'div' does not exist on type 'JSX.IntrinsicElements'.
src/pages/agent/dashboard/FarmsTab.tsx(73,17): error TS2339: Property 'div' does not exist on type 'JSX.IntrinsicElements'.
src/pages/agent/dashboard/FarmsTab.tsx(74,19): error TS2339: Property 'div' does not exist on type 'JSX.IntrinsicElements'.
src/pages/agent/dashboard/FarmsTab.tsx(75,21): error TS2339: Property 'p' does not exist on type 'JSX.IntrinsicElements'.
src/pages/agent/dashboard/FarmsTab.tsx(75,119): error TS2339: Property 'p' does not exist on type 'JSX.IntrinsicElements'.
src/pages/agent/dashboard/FarmsTab.tsx(76,21): error TS2339: Property 'div' does not exist on type 'JSX.IntrinsicElements'.
src/pages/agent/dashboard/FarmsTab.tsx(77,24): error TS2339: Property 'span' does not exist on type 'JSX.IntrinsicElements'.
src/pages/agent/dashboard/FarmsTab.tsx(78,24): error TS2339: Property 'span' does not exist on type 'JSX.IntrinsicElements'.
src/pages/agent/dashboard/FarmsTab.tsx(78,117): error TS2339: Property 'span' does not exist on type 'JSX.IntrinsicElements'.
src/pages/agent/dashboard/FarmsTab.tsx(79,21): error TS2339: Property 'div' does not exist on type 'JSX.IntrinsicElements'.
src/pages/agent/dashboard/FarmsTab.tsx(80,19): error TS2339: Property 'div' does not exist on type 'JSX.IntrinsicElements'.
src/pages/agent/dashboard/FarmsTab.tsx(81,19): error TS2339: Property 'div' does not exist on type 'JSX.IntrinsicElements'.
src/pages/agent/dashboard/FarmsTab.tsx(82,21): error TS2339: Property 'p' does not exist on type 'JSX.IntrinsicElements'.
src/pages/agent/dashboard/FarmsTab.tsx(82,113): error TS2339: Property 'p' does not exist on type 'JSX.IntrinsicElements'.
src/pages/agent/dashboard/FarmsTab.tsx(83,21): error TS2339: Property 'p' does not exist on type 'JSX.IntrinsicElements'.
src/pages/agent/dashboard/FarmsTab.tsx(83,119): error TS2339: Property 'p' does not exist on type 'JSX.IntrinsicElements'.
src/pages/agent/dashboard/FarmsTab.tsx(84,19): error TS2339: Property 'div' does not exist on type 'JSX.IntrinsicElements'.
src/pages/agent/dashboard/FarmsTab.tsx(85,17): error TS2339: Property 'div' does not exist on type 'JSX.IntrinsicElements'.
src/pages/agent/dashboard/FarmsTab.tsx(87,17): error TS2339: Property 'div' does not exist on type 'JSX.IntrinsicElements'.
src/pages/agent/dashboard/FarmsTab.tsx(101,17): error TS2339: Property 'div' does not exist on type 'JSX.IntrinsicElements'.
src/pages/agent/dashboard/FarmsTab.tsx(102,15): error TS2339: Property 'div' does not exist on type 'JSX.IntrinsicElements'.
src/pages/agent/dashboard/FarmsTab.tsx(105,13): error TS2339: Property 'div' does not exist on type 'JSX.IntrinsicElements'.
src/pages/agent/dashboard/FarmsTab.tsx(106,15): error TS2339: Property 'p' does not exist on type 'JSX.IntrinsicElements'.
src/pages/agent/dashboard/FarmsTab.tsx(106,102): error TS2339: Property 'p' does not exist on type 'JSX.IntrinsicElements'.
src/pages/agent/dashboard/FarmsTab.tsx(107,13): error TS2339: Property 'div' does not exist on type 'JSX.IntrinsicElements'.
src/pages/agent/dashboard/FarmsTab.tsx(109,9): error TS2339: Property 'div' does not exist on type 'JSX.IntrinsicElements'.
src/pages/agent/dashboard/FarmsTab.tsx(112,9): error TS2339: Property 'div' does not exist on type 'JSX.IntrinsicElements'.
src/pages/agent/dashboard/FarmsTab.tsx(126,21): error TS2339: Property 'div' does not exist on type 'JSX.IntrinsicElements'.
src/pages/agent/dashboard/FarmsTab.tsx(127,23): error TS2339: Property 'div' does not exist on type 'JSX.IntrinsicElements'.
src/pages/agent/dashboard/FarmsTab.tsx(128,25): error TS2339: Property 'img' does not exist on type 'JSX.IntrinsicElements'.
src/pages/agent/dashboard/FarmsTab.tsx(129,23): error TS2339: Property 'div' does not exist on type 'JSX.IntrinsicElements'.
src/pages/agent/dashboard/FarmsTab.tsx(130,23): error TS2339: Property 'div' does not exist on type 'JSX.IntrinsicElements'.
src/pages/agent/dashboard/FarmsTab.tsx(131,25): error TS2339: Property 'p' does not exist on type 'JSX.IntrinsicElements'.
src/pages/agent/dashboard/FarmsTab.tsx(131,108): error TS2339: Property 'p' does not exist on type 'JSX.IntrinsicElements'.
src/pages/agent/dashboard/FarmsTab.tsx(132,25): error TS2339: Property 'p' does not exist on type 'JSX.IntrinsicElements'.
src/pages/agent/dashboard/FarmsTab.tsx(132,132): error TS2339: Property 'p' does not exist on type 'JSX.IntrinsicElements'.
src/pages/agent/dashboard/FarmsTab.tsx(133,23): error TS2339: Property 'div' does not exist on type 'JSX.IntrinsicElements'.
src/pages/agent/dashboard/FarmsTab.tsx(134,21): error TS2339: Property 'div' does not exist on type 'JSX.IntrinsicElements'.
src/pages/agent/dashboard/FarmsTab.tsx(137,21): error TS2339: Property 'div' does not exist on type 'JSX.IntrinsicElements'.
src/pages/agent/dashboard/FarmsTab.tsx(138,23): error TS2339: Property 'div' does not exist on type 'JSX.IntrinsicElements'.
src/pages/agent/dashboard/FarmsTab.tsx(139,25): error TS2339: Property 'span' does not exist on type 'JSX.IntrinsicElements'.
src/pages/agent/dashboard/FarmsTab.tsx(140,25): error TS2339: Property 'span' does not exist on type 'JSX.IntrinsicElements'.
src/pages/agent/dashboard/FarmsTab.tsx(140,118): error TS2339: Property 'span' does not exist on type 'JSX.IntrinsicElements'.
src/pages/agent/dashboard/FarmsTab.tsx(141,23): error TS2339: Property 'div' does not exist on type 'JSX.IntrinsicElements'.
src/pages/agent/dashboard/FarmsTab.tsx(142,21): error TS2339: Property 'div' does not exist on type 'JSX.IntrinsicElements'.
src/pages/agent/dashboard/FarmsTab.tsx(145,21): error TS2339: Property 'div' does not exist on type 'JSX.IntrinsicElements'.
src/pages/agent/dashboard/FarmsTab.tsx(146,23): error TS2339: Property 'p' does not exist on type 'JSX.IntrinsicElements'.
src/pages/agent/dashboard/FarmsTab.tsx(146,108): error TS2339: Property 'p' does not exist on type 'JSX.IntrinsicElements'.
src/pages/agent/dashboard/FarmsTab.tsx(147,23): error TS2339: Property 'p' does not exist on type 'JSX.IntrinsicElements'.
src/pages/agent/dashboard/FarmsTab.tsx(147,108): error TS2339: Property 'p' does not exist on type 'JSX.IntrinsicElements'.
src/pages/agent/dashboard/FarmsTab.tsx(148,21): error TS2339: Property 'div' does not exist on type 'JSX.IntrinsicElements'.
src/pages/agent/dashboard/FarmsTab.tsx(151,21): error TS2339: Property 'div' does not exist on type 'JSX.IntrinsicElements'.
src/pages/agent/dashboard/FarmsTab.tsx(159,25): error TS2339: Property 'span' does not exist on type 'JSX.IntrinsicElements'.
src/pages/agent/dashboard/FarmsTab.tsx(159,99): error TS2339: Property 'span' does not exist on type 'JSX.IntrinsicElements'.
src/pages/agent/dashboard/FarmsTab.tsx(168,21): error TS2339: Property 'div' does not exist on type 'JSX.IntrinsicElements'.
src/pages/agent/dashboard/FarmsTab.tsx(174,9): error TS2339: Property 'div' does not exist on type 'JSX.IntrinsicElements'.
src/pages/agent/dashboard/MediaTab.tsx(2,58): error TS2792: Cannot find module '@/components/ui/card'. Did you mean to set the 'moduleResolution' option to 'nodenext', or to add aliases to the 'paths' option?
src/pages/agent/dashboard/MediaTab.tsx(3,24): error TS2792: Cannot find module '@/components/ui/button'. Did you mean to set the 'moduleResolution' option to 'nodenext', or to add aliases to the 'paths' option?
src/pages/agent/dashboard/MediaTab.tsx(4,23): error TS2792: Cannot find module '@/components/ui/badge'. Did you mean to set the 'moduleResolution' option to 'nodenext', or to add aliases to the 'paths' option?
src/pages/agent/dashboard/MediaTab.tsx(5,54): error TS2792: Cannot find module 'lucide-react'. Did you mean to set the 'moduleResolution' option to 'nodenext', or to add aliases to the 'paths' option?
src/pages/agent/dashboard/MediaTab.tsx(6,23): error TS2792: Cannot find module 'sonner'. Did you mean to set the 'moduleResolution' option to 'nodenext', or to add aliases to the 'paths' option?
src/pages/agent/dashboard/MediaTab.tsx(12,7): error TS2322: Type '({ mediaItems }: MediaTabProps) => Element' is not assignable to type 'FC<MediaTabProps>'.
  Type 'Element' is not assignable to type 'ReactNode'.
src/pages/agent/dashboard/MediaTab.tsx(53,9): error TS2339: Property 'div' does not exist on type 'JSX.IntrinsicElements'.
src/pages/agent/dashboard/MediaTab.tsx(55,11): error TS2339: Property 'p' does not exist on type 'JSX.IntrinsicElements'.
src/pages/agent/dashboard/MediaTab.tsx(55,118): error TS2339: Property 'p' does not exist on type 'JSX.IntrinsicElements'.
src/pages/agent/dashboard/MediaTab.tsx(56,9): error TS2339: Property 'div' does not exist on type 'JSX.IntrinsicElements'.
src/pages/agent/dashboard/MediaTab.tsx(62,9): error TS2339: Property 'div' does not exist on type 'JSX.IntrinsicElements'.
src/pages/agent/dashboard/MediaTab.tsx(68,9): error TS2339: Property 'div' does not exist on type 'JSX.IntrinsicElements'.
src/pages/agent/dashboard/MediaTab.tsx(69,9): error TS2339: Property 'div' does not exist on type 'JSX.IntrinsicElements'.
src/pages/agent/dashboard/MediaTab.tsx(118,17): error TS2339: Property 'div' does not exist on type 'JSX.IntrinsicElements'.
src/pages/agent/dashboard/MediaTab.tsx(124,21): error TS2339: Property 'img' does not exist on type 'JSX.IntrinsicElements'.
src/pages/agent/dashboard/MediaTab.tsx(130,21): error TS2339: Property 'div' does not exist on type 'JSX.IntrinsicElements'.
src/pages/agent/dashboard/MediaTab.tsx(138,23): error TS2339: Property 'p' does not exist on type 'JSX.IntrinsicElements'.
src/pages/agent/dashboard/MediaTab.tsx(140,23): error TS2339: Property 'p' does not exist on type 'JSX.IntrinsicElements'.
src/pages/agent/dashboard/MediaTab.tsx(141,21): error TS2339: Property 'div' does not exist on type 'JSX.IntrinsicElements'.
src/pages/agent/dashboard/MediaTab.tsx(143,19): error TS2339: Property 'div' does not exist on type 'JSX.IntrinsicElements'.
src/pages/agent/dashboard/MediaTab.tsx(144,21): error TS2339: Property 'p' does not exist on type 'JSX.IntrinsicElements'.
src/pages/agent/dashboard/MediaTab.tsx(146,21): error TS2339: Property 'p' does not exist on type 'JSX.IntrinsicElements'.
src/pages/agent/dashboard/MediaTab.tsx(147,21): error TS2339: Property 'p' does not exist on type 'JSX.IntrinsicElements'.
src/pages/agent/dashboard/MediaTab.tsx(149,21): error TS2339: Property 'p' does not exist on type 'JSX.IntrinsicElements'.
src/pages/agent/dashboard/MediaTab.tsx(150,19): error TS2339: Property 'div' does not exist on type 'JSX.IntrinsicElements'.
src/pages/agent/dashboard/MediaTab.tsx(151,17): error TS2339: Property 'div' does not exist on type 'JSX.IntrinsicElements'.
src/pages/agent/dashboard/MediaTab.tsx(155,13): error TS2339: Property 'div' does not exist on type 'JSX.IntrinsicElements'.
src/pages/agent/dashboard/MediaTab.tsx(156,15): error TS2339: Property 'div' does not exist on type 'JSX.IntrinsicElements'.
src/pages/agent/dashboard/MediaTab.tsx(158,15): error TS2339: Property 'div' does not exist on type 'JSX.IntrinsicElements'.
src/pages/agent/dashboard/MediaTab.tsx(159,15): error TS2339: Property 'h4' does not exist on type 'JSX.IntrinsicElements'.
src/pages/agent/dashboard/MediaTab.tsx(159,110): error TS2339: Property 'h4' does not exist on type 'JSX.IntrinsicElements'.
src/pages/agent/dashboard/MediaTab.tsx(160,15): error TS2339: Property 'p' does not exist on type 'JSX.IntrinsicElements'.
src/pages/agent/dashboard/MediaTab.tsx(160,147): error TS2339: Property 'p' does not exist on type 'JSX.IntrinsicElements'.
src/pages/agent/dashboard/MediaTab.tsx(161,13): error TS2339: Property 'div' does not exist on type 'JSX.IntrinsicElements'.
src/pages/agent/dashboard/MediaTab.tsx(163,9): error TS2339: Property 'div' does not exist on type 'JSX.IntrinsicElements'.
src/pages/agent/dashboard/OverviewTab.tsx(2,58): error TS2792: Cannot find module '@/components/ui/card'. Did you mean to set the 'moduleResolution' option to 'nodenext', or to add aliases to the 'paths' option?
src/pages/agent/dashboard/OverviewTab.tsx(3,24): error TS2792: Cannot find module '@/components/ui/button'. Did you mean to set the 'moduleResolution' option to 'nodenext', or to add aliases to the 'paths' option?
src/pages/agent/dashboard/OverviewTab.tsx(4,23): error TS2792: Cannot find module '@/components/ui/badge'. Did you mean to set the 'moduleResolution' option to 'nodenext', or to add aliases to the 'paths' option?
src/pages/agent/dashboard/OverviewTab.tsx(5,114): error TS2792: Cannot find module 'lucide-react'. Did you mean to set the 'moduleResolution' option to 'nodenext', or to add aliases to the 'paths' option?
src/pages/agent/dashboard/OverviewTab.tsx(6,29): error TS2792: Cannot find module 'react-router-dom'. Did you mean to set the 'moduleResolution' option to 'nodenext', or to add aliases to the 'paths' option?
src/pages/agent/dashboard/OverviewTab.tsx(19,7): error TS2322: Type '({ farms, activities, notifications, stats, darkMode, agent, handleLogVisit, sectionCardClass }: OverviewTabProps) => Element' is not assignable to type 'FC<OverviewTabProps>'.
  Type 'Element' is not assignable to type 'ReactNode'.
src/pages/agent/dashboard/OverviewTab.tsx(38,5): error TS2339: Property 'div' does not exist on type 'JSX.IntrinsicElements'.
src/pages/agent/dashboard/OverviewTab.tsx(42,11): error TS2339: Property 'div' does not exist on type 'JSX.IntrinsicElements'.
src/pages/agent/dashboard/OverviewTab.tsx(44,13): error TS2339: Property 'p' does not exist on type 'JSX.IntrinsicElements'.
src/pages/agent/dashboard/OverviewTab.tsx(44,111): error TS2339: Property 'p' does not exist on type 'JSX.IntrinsicElements'.
src/pages/agent/dashboard/OverviewTab.tsx(45,11): error TS2339: Property 'div' does not exist on type 'JSX.IntrinsicElements'.
src/pages/agent/dashboard/OverviewTab.tsx(48,11): error TS2339: Property 'div' does not exist on type 'JSX.IntrinsicElements'.
src/pages/agent/dashboard/OverviewTab.tsx(50,15): error TS2339: Property 'div' does not exist on type 'JSX.IntrinsicElements'.
src/pages/agent/dashboard/OverviewTab.tsx(51,17): error TS2339: Property 'div' does not exist on type 'JSX.IntrinsicElements'.
src/pages/agent/dashboard/OverviewTab.tsx(52,19): error TS2339: Property 'div' does not exist on type 'JSX.IntrinsicElements'.
src/pages/agent/dashboard/OverviewTab.tsx(53,21): error TS2339: Property 'img' does not exist on type 'JSX.IntrinsicElements'.
src/pages/agent/dashboard/OverviewTab.tsx(54,19): error TS2339: Property 'div' does not exist on type 'JSX.IntrinsicElements'.
src/pages/agent/dashboard/OverviewTab.tsx(55,19): error TS2339: Property 'div' does not exist on type 'JSX.IntrinsicElements'.
src/pages/agent/dashboard/OverviewTab.tsx(56,21): error TS2339: Property 'p' does not exist on type 'JSX.IntrinsicElements'.
src/pages/agent/dashboard/OverviewTab.tsx(56,103): error TS2339: Property 'p' does not exist on type 'JSX.IntrinsicElements'.
src/pages/agent/dashboard/OverviewTab.tsx(57,21): error TS2339: Property 'span' does not exist on type 'JSX.IntrinsicElements'.
src/pages/agent/dashboard/OverviewTab.tsx(57,134): error TS2339: Property 'span' does not exist on type 'JSX.IntrinsicElements'.
src/pages/agent/dashboard/OverviewTab.tsx(58,19): error TS2339: Property 'div' does not exist on type 'JSX.IntrinsicElements'.
src/pages/agent/dashboard/OverviewTab.tsx(59,17): error TS2339: Property 'div' does not exist on type 'JSX.IntrinsicElements'.
src/pages/agent/dashboard/OverviewTab.tsx(68,15): error TS2339: Property 'div' does not exist on type 'JSX.IntrinsicElements'.
src/pages/agent/dashboard/OverviewTab.tsx(70,15): error TS2339: Property 'div' does not exist on type 'JSX.IntrinsicElements'.
src/pages/agent/dashboard/OverviewTab.tsx(71,18): error TS2339: Property 'div' does not exist on type 'JSX.IntrinsicElements'.
src/pages/agent/dashboard/OverviewTab.tsx(73,18): error TS2339: Property 'div' does not exist on type 'JSX.IntrinsicElements'.
src/pages/agent/dashboard/OverviewTab.tsx(74,18): error TS2339: Property 'p' does not exist on type 'JSX.IntrinsicElements'.
src/pages/agent/dashboard/OverviewTab.tsx(74,90): error TS2339: Property 'p' does not exist on type 'JSX.IntrinsicElements'.
src/pages/agent/dashboard/OverviewTab.tsx(75,18): error TS2339: Property 'p' does not exist on type 'JSX.IntrinsicElements'.
src/pages/agent/dashboard/OverviewTab.tsx(75,96): error TS2339: Property 'p' does not exist on type 'JSX.IntrinsicElements'.
src/pages/agent/dashboard/OverviewTab.tsx(76,15): error TS2339: Property 'div' does not exist on type 'JSX.IntrinsicElements'.
src/pages/agent/dashboard/OverviewTab.tsx(78,11): error TS2339: Property 'div' does not exist on type 'JSX.IntrinsicElements'.
src/pages/agent/dashboard/OverviewTab.tsx(82,7): error TS2339: Property 'div' does not exist on type 'JSX.IntrinsicElements'.
src/pages/agent/dashboard/OverviewTab.tsx(85,13): error TS2339: Property 'div' does not exist on type 'JSX.IntrinsicElements'.
src/pages/agent/dashboard/OverviewTab.tsx(86,15): error TS2339: Property 'img' does not exist on type 'JSX.IntrinsicElements'.
src/pages/agent/dashboard/OverviewTab.tsx(87,15): error TS2339: Property 'div' does not exist on type 'JSX.IntrinsicElements'.
src/pages/agent/dashboard/OverviewTab.tsx(88,13): error TS2339: Property 'div' does not exist on type 'JSX.IntrinsicElements'.
src/pages/agent/dashboard/OverviewTab.tsx(90,13): error TS2339: Property 'div' does not exist on type 'JSX.IntrinsicElements'.
src/pages/agent/dashboard/OverviewTab.tsx(91,15): error TS2339: Property 'div' does not exist on type 'JSX.IntrinsicElements'.
src/pages/agent/dashboard/OverviewTab.tsx(92,17): error TS2339: Property 'p' does not exist on type 'JSX.IntrinsicElements'.
src/pages/agent/dashboard/OverviewTab.tsx(92,145): error TS2339: Property 'p' does not exist on type 'JSX.IntrinsicElements'.
src/pages/agent/dashboard/OverviewTab.tsx(93,17): error TS2339: Property 'h3' does not exist on type 'JSX.IntrinsicElements'.
src/pages/agent/dashboard/OverviewTab.tsx(95,17): error TS2339: Property 'h3' does not exist on type 'JSX.IntrinsicElements'.
src/pages/agent/dashboard/OverviewTab.tsx(96,15): error TS2339: Property 'div' does not exist on type 'JSX.IntrinsicElements'.
src/pages/agent/dashboard/OverviewTab.tsx(98,15): error TS2339: Property 'div' does not exist on type 'JSX.IntrinsicElements'.
src/pages/agent/dashboard/OverviewTab.tsx(99,17): error TS2339: Property 'div' does not exist on type 'JSX.IntrinsicElements'.
src/pages/agent/dashboard/OverviewTab.tsx(100,19): error TS2339: Property 'span' does not exist on type 'JSX.IntrinsicElements'.
src/pages/agent/dashboard/OverviewTab.tsx(100,124): error TS2339: Property 'span' does not exist on type 'JSX.IntrinsicElements'.
src/pages/agent/dashboard/OverviewTab.tsx(101,19): error TS2339: Property 'span' does not exist on type 'JSX.IntrinsicElements'.
src/pages/agent/dashboard/OverviewTab.tsx(101,103): error TS2339: Property 'span' does not exist on type 'JSX.IntrinsicElements'.
src/pages/agent/dashboard/OverviewTab.tsx(102,17): error TS2339: Property 'div' does not exist on type 'JSX.IntrinsicElements'.
src/pages/agent/dashboard/OverviewTab.tsx(103,17): error TS2339: Property 'div' does not exist on type 'JSX.IntrinsicElements'.
src/pages/agent/dashboard/OverviewTab.tsx(104,19): error TS2339: Property 'div' does not exist on type 'JSX.IntrinsicElements'.
src/pages/agent/dashboard/OverviewTab.tsx(104,166): error TS2339: Property 'div' does not exist on type 'JSX.IntrinsicElements'.
src/pages/agent/dashboard/OverviewTab.tsx(105,17): error TS2339: Property 'div' does not exist on type 'JSX.IntrinsicElements'.
src/pages/agent/dashboard/OverviewTab.tsx(106,15): error TS2339: Property 'div' does not exist on type 'JSX.IntrinsicElements'.
src/pages/agent/dashboard/OverviewTab.tsx(108,15): error TS2339: Property 'div' does not exist on type 'JSX.IntrinsicElements'.
src/pages/agent/dashboard/OverviewTab.tsx(109,17): error TS2339: Property 'span' does not exist on type 'JSX.IntrinsicElements'.
src/pages/agent/dashboard/OverviewTab.tsx(109,156): error TS2339: Property 'span' does not exist on type 'JSX.IntrinsicElements'.
src/pages/agent/dashboard/OverviewTab.tsx(111,15): error TS2339: Property 'div' does not exist on type 'JSX.IntrinsicElements'.
src/pages/agent/dashboard/OverviewTab.tsx(112,13): error TS2339: Property 'div' does not exist on type 'JSX.IntrinsicElements'.
src/pages/agent/dashboard/OverviewTab.tsx(123,15): error TS2339: Property 'div' does not exist on type 'JSX.IntrinsicElements'.
src/pages/agent/dashboard/OverviewTab.tsx(124,17): error TS2339: Property 'div' does not exist on type 'JSX.IntrinsicElements'.
src/pages/agent/dashboard/OverviewTab.tsx(125,19): error TS2339: Property 'div' does not exist on type 'JSX.IntrinsicElements'.
src/pages/agent/dashboard/OverviewTab.tsx(127,19): error TS2339: Property 'div' does not exist on type 'JSX.IntrinsicElements'.
src/pages/agent/dashboard/OverviewTab.tsx(128,19): error TS2339: Property 'div' does not exist on type 'JSX.IntrinsicElements'.
src/pages/agent/dashboard/OverviewTab.tsx(129,21): error TS2339: Property 'p' does not exist on type 'JSX.IntrinsicElements'.
src/pages/agent/dashboard/OverviewTab.tsx(129,98): error TS2339: Property 'p' does not exist on type 'JSX.IntrinsicElements'.
src/pages/agent/dashboard/OverviewTab.tsx(130,21): error TS2339: Property 'p' does not exist on type 'JSX.IntrinsicElements'.
src/pages/agent/dashboard/OverviewTab.tsx(130,101): error TS2339: Property 'p' does not exist on type 'JSX.IntrinsicElements'.
src/pages/agent/dashboard/OverviewTab.tsx(131,19): error TS2339: Property 'div' does not exist on type 'JSX.IntrinsicElements'.
src/pages/agent/dashboard/OverviewTab.tsx(132,17): error TS2339: Property 'div' does not exist on type 'JSX.IntrinsicElements'.
src/pages/agent/dashboard/OverviewTab.tsx(134,15): error TS2339: Property 'div' does not exist on type 'JSX.IntrinsicElements'.
src/pages/agent/dashboard/OverviewTab.tsx(136,15): error TS2339: Property 'div' does not exist on type 'JSX.IntrinsicElements'.
src/pages/agent/dashboard/OverviewTab.tsx(137,18): error TS2339: Property 'p' does not exist on type 'JSX.IntrinsicElements'.
src/pages/agent/dashboard/OverviewTab.tsx(137,111): error TS2339: Property 'p' does not exist on type 'JSX.IntrinsicElements'.
src/pages/agent/dashboard/OverviewTab.tsx(138,15): error TS2339: Property 'div' does not exist on type 'JSX.IntrinsicElements'.
src/pages/agent/dashboard/OverviewTab.tsx(142,7): error TS2339: Property 'div' does not exist on type 'JSX.IntrinsicElements'.
src/pages/agent/dashboard/OverviewTab.tsx(143,5): error TS2339: Property 'div' does not exist on type 'JSX.IntrinsicElements'.
src/pages/agent/dashboard/ReportsTab.tsx(2,58): error TS2792: Cannot find module '@/components/ui/card'. Did you mean to set the 'moduleResolution' option to 'nodenext', or to add aliases to the 'paths' option?
src/pages/agent/dashboard/ReportsTab.tsx(3,24): error TS2792: Cannot find module '@/components/ui/button'. Did you mean to set the 'moduleResolution' option to 'nodenext', or to add aliases to the 'paths' option?
src/pages/agent/dashboard/ReportsTab.tsx(4,47): error TS2792: Cannot find module 'lucide-react'. Did you mean to set the 'moduleResolution' option to 'nodenext', or to add aliases to the 'paths' option?
src/pages/agent/dashboard/ReportsTab.tsx(10,7): error TS2322: Type '({ sectionCardClass }: ReportsTabProps) => Element' is not assignable to type 'FC<ReportsTabProps>'.
  Type 'Element' is not assignable to type 'ReactNode'.
src/pages/agent/dashboard/ReportsTab.tsx(15,9): error TS2339: Property 'p' does not exist on type 'JSX.IntrinsicElements'.
src/pages/agent/dashboard/ReportsTab.tsx(15,126): error TS2339: Property 'p' does not exist on type 'JSX.IntrinsicElements'.
src/pages/agent/dashboard/ReportsTab.tsx(20,13): error TS2339: Property 'div' does not exist on type 'JSX.IntrinsicElements'.
src/pages/agent/dashboard/ReportsTab.tsx(22,13): error TS2339: Property 'div' does not exist on type 'JSX.IntrinsicElements'.
src/pages/agent/dashboard/ReportsTab.tsx(23,13): error TS2339: Property 'h4' does not exist on type 'JSX.IntrinsicElements'.
src/pages/agent/dashboard/ReportsTab.tsx(23,110): error TS2339: Property 'h4' does not exist on type 'JSX.IntrinsicElements'.
src/pages/agent/dashboard/ReportsTab.tsx(24,13): error TS2339: Property 'p' does not exist on type 'JSX.IntrinsicElements'.
src/pages/agent/dashboard/ReportsTab.tsx(24,142): error TS2339: Property 'p' does not exist on type 'JSX.IntrinsicElements'.
src/pages/agent/dashboard/ReportsTab.tsx(33,13): error TS2339: Property 'div' does not exist on type 'JSX.IntrinsicElements'.
src/pages/agent/dashboard/ReportsTab.tsx(35,13): error TS2339: Property 'div' does not exist on type 'JSX.IntrinsicElements'.
src/pages/agent/dashboard/ReportsTab.tsx(36,13): error TS2339: Property 'h4' does not exist on type 'JSX.IntrinsicElements'.
src/pages/agent/dashboard/ReportsTab.tsx(36,114): error TS2339: Property 'h4' does not exist on type 'JSX.IntrinsicElements'.
src/pages/agent/dashboard/ReportsTab.tsx(37,13): error TS2339: Property 'p' does not exist on type 'JSX.IntrinsicElements'.
src/pages/agent/dashboard/ReportsTab.tsx(37,147): error TS2339: Property 'p' does not exist on type 'JSX.IntrinsicElements'.
src/pages/agent/dashboard/VisitsTab.tsx(2,58): error TS2792: Cannot find module '@/components/ui/card'. Did you mean to set the 'moduleResolution' option to 'nodenext', or to add aliases to the 'paths' option?
src/pages/agent/dashboard/VisitsTab.tsx(3,24): error TS2792: Cannot find module '@/components/ui/button'. Did you mean to set the 'moduleResolution' option to 'nodenext', or to add aliases to the 'paths' option?
src/pages/agent/dashboard/VisitsTab.tsx(4,73): error TS2792: Cannot find module 'lucide-react'. Did you mean to set the 'moduleResolution' option to 'nodenext', or to add aliases to the 'paths' option?
src/pages/agent/dashboard/VisitsTab.tsx(12,7): error TS2322: Type '({ activities, stats, setIsUploadReportModalOpen }: VisitsTabProps) => Element' is not assignable to type 'FC<VisitsTabProps>'.
  Type 'Element' is not assignable to type 'ReactNode'.
src/pages/agent/dashboard/VisitsTab.tsx(23,5): error TS2339: Property 'div' does not exist on type 'JSX.IntrinsicElements'.
src/pages/agent/dashboard/VisitsTab.tsx(26,11): error TS2339: Property 'div' does not exist on type 'JSX.IntrinsicElements'.
src/pages/agent/dashboard/VisitsTab.tsx(28,13): error TS2339: Property 'p' does not exist on type 'JSX.IntrinsicElements'.
src/pages/agent/dashboard/VisitsTab.tsx(28,115): error TS2339: Property 'p' does not exist on type 'JSX.IntrinsicElements'.
src/pages/agent/dashboard/VisitsTab.tsx(29,11): error TS2339: Property 'div' does not exist on type 'JSX.IntrinsicElements'.
src/pages/agent/dashboard/VisitsTab.tsx(30,11): error TS2339: Property 'div' does not exist on type 'JSX.IntrinsicElements'.
src/pages/agent/dashboard/VisitsTab.tsx(32,11): error TS2339: Property 'div' does not exist on type 'JSX.IntrinsicElements'.
src/pages/agent/dashboard/VisitsTab.tsx(35,11): error TS2339: Property 'div' does not exist on type 'JSX.IntrinsicElements'.
src/pages/agent/dashboard/VisitsTab.tsx(38,17): error TS2339: Property 'div' does not exist on type 'JSX.IntrinsicElements'.
src/pages/agent/dashboard/VisitsTab.tsx(39,19): error TS2339: Property 'div' does not exist on type 'JSX.IntrinsicElements'.
src/pages/agent/dashboard/VisitsTab.tsx(40,21): error TS2339: Property 'div' does not exist on type 'JSX.IntrinsicElements'.
src/pages/agent/dashboard/VisitsTab.tsx(42,21): error TS2339: Property 'div' does not exist on type 'JSX.IntrinsicElements'.
src/pages/agent/dashboard/VisitsTab.tsx(43,21): error TS2339: Property 'div' does not exist on type 'JSX.IntrinsicElements'.
src/pages/agent/dashboard/VisitsTab.tsx(44,23): error TS2339: Property 'p' does not exist on type 'JSX.IntrinsicElements'.
src/pages/agent/dashboard/VisitsTab.tsx(44,102): error TS2339: Property 'p' does not exist on type 'JSX.IntrinsicElements'.
src/pages/agent/dashboard/VisitsTab.tsx(45,23): error TS2339: Property 'div' does not exist on type 'JSX.IntrinsicElements'.
src/pages/agent/dashboard/VisitsTab.tsx(46,25): error TS2339: Property 'span' does not exist on type 'JSX.IntrinsicElements'.
src/pages/agent/dashboard/VisitsTab.tsx(46,171): error TS2339: Property 'span' does not exist on type 'JSX.IntrinsicElements'.
src/pages/agent/dashboard/VisitsTab.tsx(47,25): error TS2339: Property 'span' does not exist on type 'JSX.IntrinsicElements'.
src/pages/agent/dashboard/VisitsTab.tsx(47,104): error TS2339: Property 'span' does not exist on type 'JSX.IntrinsicElements'.
src/pages/agent/dashboard/VisitsTab.tsx(48,23): error TS2339: Property 'div' does not exist on type 'JSX.IntrinsicElements'.
src/pages/agent/dashboard/VisitsTab.tsx(49,21): error TS2339: Property 'div' does not exist on type 'JSX.IntrinsicElements'.
src/pages/agent/dashboard/VisitsTab.tsx(50,19): error TS2339: Property 'div' does not exist on type 'JSX.IntrinsicElements'.
src/pages/agent/dashboard/VisitsTab.tsx(54,17): error TS2339: Property 'div' does not exist on type 'JSX.IntrinsicElements'.
src/pages/agent/dashboard/VisitsTab.tsx(57,15): error TS2339: Property 'div' does not exist on type 'JSX.IntrinsicElements'.
src/pages/agent/dashboard/VisitsTab.tsx(58,17): error TS2339: Property 'div' does not exist on type 'JSX.IntrinsicElements'.
src/pages/agent/dashboard/VisitsTab.tsx(60,17): error TS2339: Property 'div' does not exist on type 'JSX.IntrinsicElements'.
src/pages/agent/dashboard/VisitsTab.tsx(61,17): error TS2339: Property 'p' does not exist on type 'JSX.IntrinsicElements'.
src/pages/agent/dashboard/VisitsTab.tsx(61,104): error TS2339: Property 'p' does not exist on type 'JSX.IntrinsicElements'.
src/pages/agent/dashboard/VisitsTab.tsx(62,15): error TS2339: Property 'div' does not exist on type 'JSX.IntrinsicElements'.
src/pages/agent/dashboard/VisitsTab.tsx(64,11): error TS2339: Property 'div' does not exist on type 'JSX.IntrinsicElements'.
src/pages/agent/dashboard/VisitsTab.tsx(68,7): error TS2339: Property 'div' does not exist on type 'JSX.IntrinsicElements'.
src/pages/agent/dashboard/VisitsTab.tsx(70,11): error TS2339: Property 'div' does not exist on type 'JSX.IntrinsicElements'.
src/pages/agent/dashboard/VisitsTab.tsx(71,15): error TS2339: Property 'img' does not exist on type 'JSX.IntrinsicElements'.
src/pages/agent/dashboard/VisitsTab.tsx(72,15): error TS2339: Property 'div' does not exist on type 'JSX.IntrinsicElements'.
src/pages/agent/dashboard/VisitsTab.tsx(73,11): error TS2339: Property 'div' does not exist on type 'JSX.IntrinsicElements'.
src/pages/agent/dashboard/VisitsTab.tsx(74,11): error TS2339: Property 'div' does not exist on type 'JSX.IntrinsicElements'.
src/pages/agent/dashboard/VisitsTab.tsx(75,13): error TS2339: Property 'h3' does not exist on type 'JSX.IntrinsicElements'.
src/pages/agent/dashboard/VisitsTab.tsx(75,106): error TS2339: Property 'h3' does not exist on type 'JSX.IntrinsicElements'.
src/pages/agent/dashboard/VisitsTab.tsx(76,13): error TS2339: Property 'p' does not exist on type 'JSX.IntrinsicElements'.
src/pages/agent/dashboard/VisitsTab.tsx(78,13): error TS2339: Property 'p' does not exist on type 'JSX.IntrinsicElements'.
src/pages/agent/dashboard/VisitsTab.tsx(85,11): error TS2339: Property 'div' does not exist on type 'JSX.IntrinsicElements'.
src/pages/agent/dashboard/VisitsTab.tsx(89,11): error TS2339: Property 'div' does not exist on type 'JSX.IntrinsicElements'.
src/pages/agent/dashboard/VisitsTab.tsx(90,13): error TS2339: Property 'h3' does not exist on type 'JSX.IntrinsicElements'.
src/pages/agent/dashboard/VisitsTab.tsx(90,95): error TS2339: Property 'h3' does not exist on type 'JSX.IntrinsicElements'.
src/pages/agent/dashboard/VisitsTab.tsx(91,13): error TS2339: Property 'span' does not exist on type 'JSX.IntrinsicElements'.
src/pages/agent/dashboard/VisitsTab.tsx(91,100): error TS2339: Property 'span' does not exist on type 'JSX.IntrinsicElements'.
src/pages/agent/dashboard/VisitsTab.tsx(92,11): error TS2339: Property 'div' does not exist on type 'JSX.IntrinsicElements'.
src/pages/agent/dashboard/VisitsTab.tsx(93,11): error TS2339: Property 'div' does not exist on type 'JSX.IntrinsicElements'.
src/pages/agent/dashboard/VisitsTab.tsx(94,13): error TS2339: Property 'div' does not exist on type 'JSX.IntrinsicElements'.
src/pages/agent/dashboard/VisitsTab.tsx(94,133): error TS2339: Property 'div' does not exist on type 'JSX.IntrinsicElements'.
src/pages/agent/dashboard/VisitsTab.tsx(95,11): error TS2339: Property 'div' does not exist on type 'JSX.IntrinsicElements'.
src/pages/agent/dashboard/VisitsTab.tsx(96,11): error TS2339: Property 'p' does not exist on type 'JSX.IntrinsicElements'.
src/pages/agent/dashboard/VisitsTab.tsx(100,11): error TS2339: Property 'p' does not exist on type 'JSX.IntrinsicElements'.
src/pages/agent/dashboard/VisitsTab.tsx(102,7): error TS2339: Property 'div' does not exist on type 'JSX.IntrinsicElements'.
src/pages/agent/dashboard/VisitsTab.tsx(103,5): error TS2339: Property 'div' does not exist on type 'JSX.IntrinsicElements'.
src/pages/agent/TrainingPerformance.tsx(2,26): error TS2792: Cannot find module '@tanstack/react-query'. Did you mean to set the 'moduleResolution' option to 'nodenext', or to add aliases to the 'paths' option?
src/pages/agent/TrainingPerformance.tsx(10,8): error TS2792: Cannot find module '@/components/ui/card'. Did you mean to set the 'moduleResolution' option to 'nodenext', or to add aliases to the 'paths' option?
src/pages/agent/TrainingPerformance.tsx(11,26): error TS2792: Cannot find module '@/components/ui/skeleton'. Did you mean to set the 'moduleResolution' option to 'nodenext', or to add aliases to the 'paths' option?
src/pages/agent/TrainingPerformance.tsx(12,24): error TS2792: Cannot find module '@/components/ui/button'. Did you mean to set the 'moduleResolution' option to 'nodenext', or to add aliases to the 'paths' option?
src/pages/agent/TrainingPerformance.tsx(13,23): error TS2792: Cannot find module '@/components/ui/badge'. Did you mean to set the 'moduleResolution' option to 'nodenext', or to add aliases to the 'paths' option?
src/pages/agent/TrainingPerformance.tsx(14,26): error TS2792: Cannot find module '@/components/ui/progress'. Did you mean to set the 'moduleResolution' option to 'nodenext', or to add aliases to the 'paths' option?
src/pages/agent/TrainingPerformance.tsx(22,8): error TS2792: Cannot find module '@/components/ui/table'. Did you mean to set the 'moduleResolution' option to 'nodenext', or to add aliases to the 'paths' option?
src/pages/agent/TrainingPerformance.tsx(33,8): error TS2792: Cannot find module 'recharts'. Did you mean to set the 'moduleResolution' option to 'nodenext', or to add aliases to the 'paths' option?
src/pages/agent/TrainingPerformance.tsx(60,8): error TS2792: Cannot find module 'lucide-react'. Did you mean to set the 'moduleResolution' option to 'nodenext', or to add aliases to the 'paths' option?
src/pages/agent/TrainingPerformance.tsx(61,29): error TS2792: Cannot find module '@/contexts/DarkModeContext'. Did you mean to set the 'moduleResolution' option to 'nodenext', or to add aliases to the 'paths' option?
src/pages/agent/TrainingPerformance.tsx(62,17): error TS2792: Cannot find module '@/utils/api'. Did you mean to set the 'moduleResolution' option to 'nodenext', or to add aliases to the 'paths' option?
src/pages/agent/TrainingPerformance.tsx(63,23): error TS2792: Cannot find module 'sonner'. Did you mean to set the 'moduleResolution' option to 'nodenext', or to add aliases to the 'paths' option?
src/pages/agent/TrainingPerformance.tsx(64,18): error TS2792: Cannot find module 'sweetalert2'. Did you mean to set the 'moduleResolution' option to 'nodenext', or to add aliases to the 'paths' option?
src/pages/agent/TrainingPerformance.tsx(65,25): error TS2792: Cannot find module '@/contexts/AuthContext'. Did you mean to set the 'moduleResolution' option to 'nodenext', or to add aliases to the 'paths' option?
src/pages/agent/TrainingPerformance.tsx(66,32): error TS2792: Cannot find module '@/components/agent/ScheduleVisitModal'. Did you mean to set the 'moduleResolution' option to 'nodenext', or to add aliases to the 'paths' option?
src/pages/agent/TrainingPerformance.tsx(67,34): error TS2792: Cannot find module '@/components/agent/DeliverTrainingModal'. Did you mean to set the 'moduleResolution' option to 'nodenext', or to add aliases to the 'paths' option?
src/pages/agent/TrainingPerformance.tsx(68,39): error TS2792: Cannot find module '@/components/agent/SubmitTrainingReportModal'. Did you mean to set the 'moduleResolution' option to 'nodenext', or to add aliases to the 'paths' option?
src/pages/agent/TrainingPerformance.tsx(69,23): error TS2792: Cannot find module '@/components/ui/Preloader'. Did you mean to set the 'moduleResolution' option to 'nodenext', or to add aliases to the 'paths' option?
src/pages/agent/TrainingPerformance.tsx(286,7): error TS2339: Property 'div' does not exist on type 'JSX.IntrinsicElements'.
src/pages/agent/TrainingPerformance.tsx(287,9): error TS2339: Property 'div' does not exist on type 'JSX.IntrinsicElements'.
src/pages/agent/TrainingPerformance.tsx(290,9): error TS2339: Property 'div' does not exist on type 'JSX.IntrinsicElements'.
src/pages/agent/TrainingPerformance.tsx(291,9): error TS2339: Property 'div' does not exist on type 'JSX.IntrinsicElements'.
src/pages/agent/TrainingPerformance.tsx(293,9): error TS2339: Property 'div' does not exist on type 'JSX.IntrinsicElements'.
src/pages/agent/TrainingPerformance.tsx(294,7): error TS2339: Property 'div' does not exist on type 'JSX.IntrinsicElements'.
src/pages/agent/TrainingPerformance.tsx(299,5): error TS2339: Property 'div' does not exist on type 'JSX.IntrinsicElements'.
src/pages/agent/TrainingPerformance.tsx(301,7): error TS2339: Property 'div' does not exist on type 'JSX.IntrinsicElements'.
src/pages/agent/TrainingPerformance.tsx(319,15): error TS2339: Property 'div' does not exist on type 'JSX.IntrinsicElements'.
src/pages/agent/TrainingPerformance.tsx(321,15): error TS2339: Property 'div' does not exist on type 'JSX.IntrinsicElements'.
src/pages/agent/TrainingPerformance.tsx(323,15): error TS2339: Property 'div' does not exist on type 'JSX.IntrinsicElements'.
src/pages/agent/TrainingPerformance.tsx(324,17): error TS2339: Property 'div' does not exist on type 'JSX.IntrinsicElements'.
src/pages/agent/TrainingPerformance.tsx(326,19): error TS2339: Property 'p' does not exist on type 'JSX.IntrinsicElements'.
src/pages/agent/TrainingPerformance.tsx(326,117): error TS2339: Property 'p' does not exist on type 'JSX.IntrinsicElements'.
src/pages/agent/TrainingPerformance.tsx(327,17): error TS2339: Property 'div' does not exist on type 'JSX.IntrinsicElements'.
src/pages/agent/TrainingPerformance.tsx(328,17): error TS2339: Property 'div' does not exist on type 'JSX.IntrinsicElements'.
src/pages/agent/TrainingPerformance.tsx(329,19): error TS2339: Property 'p' does not exist on type 'JSX.IntrinsicElements'.
src/pages/agent/TrainingPerformance.tsx(329,88): error TS2339: Property 'p' does not exist on type 'JSX.IntrinsicElements'.
src/pages/agent/TrainingPerformance.tsx(330,17): error TS2339: Property 'div' does not exist on type 'JSX.IntrinsicElements'.
src/pages/agent/TrainingPerformance.tsx(331,15): error TS2339: Property 'div' does not exist on type 'JSX.IntrinsicElements'.
src/pages/agent/TrainingPerformance.tsx(335,7): error TS2339: Property 'div' does not exist on type 'JSX.IntrinsicElements'.
src/pages/agent/TrainingPerformance.tsx(338,7): error TS2339: Property 'div' does not exist on type 'JSX.IntrinsicElements'.
src/pages/agent/TrainingPerformance.tsx(340,9): error TS2339: Property 'div' does not exist on type 'JSX.IntrinsicElements'.
src/pages/agent/TrainingPerformance.tsx(342,11): error TS2339: Property 'section' does not exist on type 'JSX.IntrinsicElements'.
src/pages/agent/TrainingPerformance.tsx(343,13): error TS2339: Property 'div' does not exist on type 'JSX.IntrinsicElements'.
src/pages/agent/TrainingPerformance.tsx(344,15): error TS2339: Property 'h2' does not exist on type 'JSX.IntrinsicElements'.
src/pages/agent/TrainingPerformance.tsx(344,108): error TS2339: Property 'h2' does not exist on type 'JSX.IntrinsicElements'.
src/pages/agent/TrainingPerformance.tsx(352,13): error TS2339: Property 'div' does not exist on type 'JSX.IntrinsicElements'.
src/pages/agent/TrainingPerformance.tsx(354,15): error TS2339: Property 'div' does not exist on type 'JSX.IntrinsicElements'.
src/pages/agent/TrainingPerformance.tsx(388,33): error TS2339: Property 'span' does not exist on type 'JSX.IntrinsicElements'.
src/pages/agent/TrainingPerformance.tsx(388,113): error TS2339: Property 'span' does not exist on type 'JSX.IntrinsicElements'.
src/pages/agent/TrainingPerformance.tsx(390,33): error TS2339: Property 'div' does not exist on type 'JSX.IntrinsicElements'.
src/pages/agent/TrainingPerformance.tsx(391,35): error TS2339: Property 'span' does not exist on type 'JSX.IntrinsicElements'.
src/pages/agent/TrainingPerformance.tsx(393,35): error TS2339: Property 'span' does not exist on type 'JSX.IntrinsicElements'.
src/pages/agent/TrainingPerformance.tsx(395,37): error TS2339: Property 'span' does not exist on type 'JSX.IntrinsicElements'.
src/pages/agent/TrainingPerformance.tsx(397,37): error TS2339: Property 'span' does not exist on type 'JSX.IntrinsicElements'.
src/pages/agent/TrainingPerformance.tsx(400,37): error TS2339: Property 'span' does not exist on type 'JSX.IntrinsicElements'.
src/pages/agent/TrainingPerformance.tsx(402,37): error TS2339: Property 'span' does not exist on type 'JSX.IntrinsicElements'.
src/pages/agent/TrainingPerformance.tsx(404,33): error TS2339: Property 'div' does not exist on type 'JSX.IntrinsicElements'.
src/pages/agent/TrainingPerformance.tsx(408,31): error TS2339: Property 'div' does not exist on type 'JSX.IntrinsicElements'.
src/pages/agent/TrainingPerformance.tsx(409,33): error TS2339: Property 'span' does not exist on type 'JSX.IntrinsicElements'.
src/pages/agent/TrainingPerformance.tsx(409,48): error TS2339: Property 'span' does not exist on type 'JSX.IntrinsicElements'.
src/pages/agent/TrainingPerformance.tsx(410,33): error TS2339: Property 'span' does not exist on type 'JSX.IntrinsicElements'.
src/pages/agent/TrainingPerformance.tsx(410,60): error TS2339: Property 'span' does not exist on type 'JSX.IntrinsicElements'.
src/pages/agent/TrainingPerformance.tsx(411,31): error TS2339: Property 'div' does not exist on type 'JSX.IntrinsicElements'.
src/pages/agent/TrainingPerformance.tsx(414,31): error TS2339: Property 'span' does not exist on type 'JSX.IntrinsicElements'.
src/pages/agent/TrainingPerformance.tsx(416,31): error TS2339: Property 'span' does not exist on type 'JSX.IntrinsicElements'.
src/pages/agent/TrainingPerformance.tsx(424,31): error TS2339: Property 'div' does not exist on type 'JSX.IntrinsicElements'.
src/pages/agent/TrainingPerformance.tsx(486,35): error TS2339: Property 'span' does not exist on type 'JSX.IntrinsicElements'.
src/pages/agent/TrainingPerformance.tsx(486,112): error TS2339: Property 'span' does not exist on type 'JSX.IntrinsicElements'.
src/pages/agent/TrainingPerformance.tsx(489,35): error TS2339: Property 'span' does not exist on type 'JSX.IntrinsicElements'.
src/pages/agent/TrainingPerformance.tsx(489,108): error TS2339: Property 'span' does not exist on type 'JSX.IntrinsicElements'.
src/pages/agent/TrainingPerformance.tsx(491,31): error TS2339: Property 'div' does not exist on type 'JSX.IntrinsicElements'.
src/pages/agent/TrainingPerformance.tsx(499,15): error TS2339: Property 'div' does not exist on type 'JSX.IntrinsicElements'.
src/pages/agent/TrainingPerformance.tsx(501,11): error TS2339: Property 'section' does not exist on type 'JSX.IntrinsicElements'.
src/pages/agent/TrainingPerformance.tsx(504,11): error TS2339: Property 'section' does not exist on type 'JSX.IntrinsicElements'.
src/pages/agent/TrainingPerformance.tsx(505,13): error TS2339: Property 'div' does not exist on type 'JSX.IntrinsicElements'.
src/pages/agent/TrainingPerformance.tsx(506,15): error TS2339: Property 'h2' does not exist on type 'JSX.IntrinsicElements'.
src/pages/agent/TrainingPerformance.tsx(506,122): error TS2339: Property 'h2' does not exist on type 'JSX.IntrinsicElements'.
src/pages/agent/TrainingPerformance.tsx(507,13): error TS2339: Property 'div' does not exist on type 'JSX.IntrinsicElements'.
src/pages/agent/TrainingPerformance.tsx(509,15): error TS2339: Property 'div' does not exist on type 'JSX.IntrinsicElements'.
src/pages/agent/TrainingPerformance.tsx(525,27): error TS2339: Property 'div' does not exist on type 'JSX.IntrinsicElements'.
src/pages/agent/TrainingPerformance.tsx(526,29): error TS2339: Property 'div' does not exist on type 'JSX.IntrinsicElements'.
src/pages/agent/TrainingPerformance.tsx(528,29): error TS2339: Property 'div' does not exist on type 'JSX.IntrinsicElements'.
src/pages/agent/TrainingPerformance.tsx(529,29): error TS2339: Property 'span' does not exist on type 'JSX.IntrinsicElements'.
src/pages/agent/TrainingPerformance.tsx(529,104): error TS2339: Property 'span' does not exist on type 'JSX.IntrinsicElements'.
src/pages/agent/TrainingPerformance.tsx(530,27): error TS2339: Property 'div' does not exist on type 'JSX.IntrinsicElements'.
src/pages/agent/TrainingPerformance.tsx(533,27): error TS2339: Property 'div' does not exist on type 'JSX.IntrinsicElements'.
src/pages/agent/TrainingPerformance.tsx(534,29): error TS2339: Property 'span' does not exist on type 'JSX.IntrinsicElements'.
src/pages/agent/TrainingPerformance.tsx(534,130): error TS2339: Property 'span' does not exist on type 'JSX.IntrinsicElements'.
src/pages/agent/TrainingPerformance.tsx(535,29): error TS2339: Property 'span' does not exist on type 'JSX.IntrinsicElements'.
src/pages/agent/TrainingPerformance.tsx(535,121): error TS2339: Property 'span' does not exist on type 'JSX.IntrinsicElements'.
src/pages/agent/TrainingPerformance.tsx(536,27): error TS2339: Property 'div' does not exist on type 'JSX.IntrinsicElements'.
src/pages/agent/TrainingPerformance.tsx(539,27): error TS2339: Property 'div' does not exist on type 'JSX.IntrinsicElements'.
src/pages/agent/TrainingPerformance.tsx(540,29): error TS2339: Property 'span' does not exist on type 'JSX.IntrinsicElements'.
src/pages/agent/TrainingPerformance.tsx(540,45): error TS2339: Property 'span' does not exist on type 'JSX.IntrinsicElements'.
src/pages/agent/TrainingPerformance.tsx(541,29): error TS2339: Property 'span' does not exist on type 'JSX.IntrinsicElements'.
src/pages/agent/TrainingPerformance.tsx(541,45): error TS2339: Property 'span' does not exist on type 'JSX.IntrinsicElements'.
src/pages/agent/TrainingPerformance.tsx(542,27): error TS2339: Property 'div' does not exist on type 'JSX.IntrinsicElements'.
src/pages/agent/TrainingPerformance.tsx(545,27): error TS2339: Property 'div' does not exist on type 'JSX.IntrinsicElements'.
src/pages/agent/TrainingPerformance.tsx(547,31): error TS2339: Property 'div' does not exist on type 'JSX.IntrinsicElements'.
src/pages/agent/TrainingPerformance.tsx(550,31): error TS2339: Property 'div' does not exist on type 'JSX.IntrinsicElements'.
src/pages/agent/TrainingPerformance.tsx(552,31): error TS2339: Property 'div' does not exist on type 'JSX.IntrinsicElements'.
src/pages/agent/TrainingPerformance.tsx(555,31): error TS2339: Property 'div' does not exist on type 'JSX.IntrinsicElements'.
src/pages/agent/TrainingPerformance.tsx(557,27): error TS2339: Property 'div' does not exist on type 'JSX.IntrinsicElements'.
src/pages/agent/TrainingPerformance.tsx(570,29): error TS2339: Property 'div' does not exist on type 'JSX.IntrinsicElements'.
src/pages/agent/TrainingPerformance.tsx(599,29): error TS2339: Property 'div' does not exist on type 'JSX.IntrinsicElements'.
src/pages/agent/TrainingPerformance.tsx(602,29): error TS2339: Property 'span' does not exist on type 'JSX.IntrinsicElements'.
src/pages/agent/TrainingPerformance.tsx(604,29): error TS2339: Property 'span' does not exist on type 'JSX.IntrinsicElements'.
src/pages/agent/TrainingPerformance.tsx(611,15): error TS2339: Property 'div' does not exist on type 'JSX.IntrinsicElements'.
src/pages/agent/TrainingPerformance.tsx(613,11): error TS2339: Property 'section' does not exist on type 'JSX.IntrinsicElements'.
src/pages/agent/TrainingPerformance.tsx(617,11): error TS2339: Property 'section' does not exist on type 'JSX.IntrinsicElements'.
src/pages/agent/TrainingPerformance.tsx(618,13): error TS2339: Property 'div' does not exist on type 'JSX.IntrinsicElements'.
src/pages/agent/TrainingPerformance.tsx(619,15): error TS2339: Property 'h2' does not exist on type 'JSX.IntrinsicElements'.
src/pages/agent/TrainingPerformance.tsx(619,119): error TS2339: Property 'h2' does not exist on type 'JSX.IntrinsicElements'.
src/pages/agent/TrainingPerformance.tsx(620,15): error TS2339: Property 'div' does not exist on type 'JSX.IntrinsicElements'.
src/pages/agent/TrainingPerformance.tsx(624,15): error TS2339: Property 'div' does not exist on type 'JSX.IntrinsicElements'.
src/pages/agent/TrainingPerformance.tsx(625,13): error TS2339: Property 'div' does not exist on type 'JSX.IntrinsicElements'.
src/pages/agent/TrainingPerformance.tsx(627,13): error TS2339: Property 'div' does not exist on type 'JSX.IntrinsicElements'.
src/pages/agent/TrainingPerformance.tsx(631,21): error TS2339: Property 'div' does not exist on type 'JSX.IntrinsicElements'.
src/pages/agent/TrainingPerformance.tsx(635,23): error TS2339: Property 'span' does not exist on type 'JSX.IntrinsicElements'.
src/pages/agent/TrainingPerformance.tsx(637,23): error TS2339: Property 'span' does not exist on type 'JSX.IntrinsicElements'.
src/pages/agent/TrainingPerformance.tsx(638,21): error TS2339: Property 'div' does not exist on type 'JSX.IntrinsicElements'.
src/pages/agent/TrainingPerformance.tsx(639,21): error TS2339: Property 'h3' does not exist on type 'JSX.IntrinsicElements'.
src/pages/agent/TrainingPerformance.tsx(639,135): error TS2339: Property 'h3' does not exist on type 'JSX.IntrinsicElements'.
src/pages/agent/TrainingPerformance.tsx(640,21): error TS2339: Property 'div' does not exist on type 'JSX.IntrinsicElements'.
src/pages/agent/TrainingPerformance.tsx(641,23): error TS2339: Property 'div' does not exist on type 'JSX.IntrinsicElements'.
src/pages/agent/TrainingPerformance.tsx(643,25): error TS2339: Property 'span' does not exist on type 'JSX.IntrinsicElements'.
src/pages/agent/TrainingPerformance.tsx(643,46): error TS2339: Property 'span' does not exist on type 'JSX.IntrinsicElements'.
src/pages/agent/TrainingPerformance.tsx(644,23): error TS2339: Property 'div' does not exist on type 'JSX.IntrinsicElements'.
src/pages/agent/TrainingPerformance.tsx(645,23): error TS2339: Property 'div' does not exist on type 'JSX.IntrinsicElements'.
src/pages/agent/TrainingPerformance.tsx(647,25): error TS2339: Property 'span' does not exist on type 'JSX.IntrinsicElements'.
src/pages/agent/TrainingPerformance.tsx(647,49): error TS2339: Property 'span' does not exist on type 'JSX.IntrinsicElements'.
src/pages/agent/TrainingPerformance.tsx(648,23): error TS2339: Property 'div' does not exist on type 'JSX.IntrinsicElements'.
src/pages/agent/TrainingPerformance.tsx(649,23): error TS2339: Property 'p' does not exist on type 'JSX.IntrinsicElements'.
src/pages/agent/TrainingPerformance.tsx(651,23): error TS2339: Property 'p' does not exist on type 'JSX.IntrinsicElements'.
src/pages/agent/TrainingPerformance.tsx(652,21): error TS2339: Property 'div' does not exist on type 'JSX.IntrinsicElements'.
src/pages/agent/TrainingPerformance.tsx(690,17): error TS2339: Property 'div' does not exist on type 'JSX.IntrinsicElements'.
src/pages/agent/TrainingPerformance.tsx(692,17): error TS2339: Property 'div' does not exist on type 'JSX.IntrinsicElements'.
src/pages/agent/TrainingPerformance.tsx(694,13): error TS2339: Property 'div' does not exist on type 'JSX.IntrinsicElements'.
src/pages/agent/TrainingPerformance.tsx(695,11): error TS2339: Property 'section' does not exist on type 'JSX.IntrinsicElements'.
src/pages/agent/TrainingPerformance.tsx(698,11): error TS2339: Property 'section' does not exist on type 'JSX.IntrinsicElements'.
src/pages/agent/TrainingPerformance.tsx(699,13): error TS2339: Property 'div' does not exist on type 'JSX.IntrinsicElements'.
src/pages/agent/TrainingPerformance.tsx(700,15): error TS2339: Property 'h2' does not exist on type 'JSX.IntrinsicElements'.
src/pages/agent/TrainingPerformance.tsx(700,112): error TS2339: Property 'h2' does not exist on type 'JSX.IntrinsicElements'.
src/pages/agent/TrainingPerformance.tsx(708,13): error TS2339: Property 'div' does not exist on type 'JSX.IntrinsicElements'.
src/pages/agent/TrainingPerformance.tsx(719,21): error TS2339: Property 'th' does not exist on type 'JSX.IntrinsicElements'.
src/pages/agent/TrainingPerformance.tsx(719,124): error TS2339: Property 'th' does not exist on type 'JSX.IntrinsicElements'.
src/pages/agent/TrainingPerformance.tsx(726,25): error TS2339: Property 'div' does not exist on type 'JSX.IntrinsicElements'.
src/pages/agent/TrainingPerformance.tsx(727,27): error TS2339: Property 'span' does not exist on type 'JSX.IntrinsicElements'.
src/pages/agent/TrainingPerformance.tsx(727,82): error TS2339: Property 'span' does not exist on type 'JSX.IntrinsicElements'.
src/pages/agent/TrainingPerformance.tsx(728,27): error TS2339: Property 'span' does not exist on type 'JSX.IntrinsicElements'.
src/pages/agent/TrainingPerformance.tsx(728,133): error TS2339: Property 'span' does not exist on type 'JSX.IntrinsicElements'.
src/pages/agent/TrainingPerformance.tsx(729,25): error TS2339: Property 'div' does not exist on type 'JSX.IntrinsicElements'.
src/pages/agent/TrainingPerformance.tsx(732,25): error TS2339: Property 'div' does not exist on type 'JSX.IntrinsicElements'.
src/pages/agent/TrainingPerformance.tsx(733,27): error TS2339: Property 'span' does not exist on type 'JSX.IntrinsicElements'.
src/pages/agent/TrainingPerformance.tsx(733,94): error TS2339: Property 'span' does not exist on type 'JSX.IntrinsicElements'.
src/pages/agent/TrainingPerformance.tsx(734,27): error TS2339: Property 'span' does not exist on type 'JSX.IntrinsicElements'.
src/pages/agent/TrainingPerformance.tsx(734,94): error TS2339: Property 'span' does not exist on type 'JSX.IntrinsicElements'.
src/pages/agent/TrainingPerformance.tsx(735,25): error TS2339: Property 'div' does not exist on type 'JSX.IntrinsicElements'.
src/pages/agent/TrainingPerformance.tsx(738,25): error TS2339: Property 'div' does not exist on type 'JSX.IntrinsicElements'.
src/pages/agent/TrainingPerformance.tsx(739,27): error TS2339: Property 'span' does not exist on type 'JSX.IntrinsicElements'.
src/pages/agent/TrainingPerformance.tsx(739,94): error TS2339: Property 'span' does not exist on type 'JSX.IntrinsicElements'.
src/pages/agent/TrainingPerformance.tsx(740,27): error TS2339: Property 'span' does not exist on type 'JSX.IntrinsicElements'.
src/pages/agent/TrainingPerformance.tsx(740,101): error TS2339: Property 'span' does not exist on type 'JSX.IntrinsicElements'.
src/pages/agent/TrainingPerformance.tsx(741,25): error TS2339: Property 'div' does not exist on type 'JSX.IntrinsicElements'.
src/pages/agent/TrainingPerformance.tsx(756,25): error TS2339: Property 'span' does not exist on type 'JSX.IntrinsicElements'.
src/pages/agent/TrainingPerformance.tsx(758,25): error TS2339: Property 'span' does not exist on type 'JSX.IntrinsicElements'.
src/pages/agent/TrainingPerformance.tsx(762,29): error TS2339: Property 'div' does not exist on type 'JSX.IntrinsicElements'.
src/pages/agent/TrainingPerformance.tsx(800,29): error TS2339: Property 'div' does not exist on type 'JSX.IntrinsicElements'.
src/pages/agent/TrainingPerformance.tsx(802,27): error TS2339: Property 'span' does not exist on type 'JSX.IntrinsicElements'.
src/pages/agent/TrainingPerformance.tsx(804,27): error TS2339: Property 'span' does not exist on type 'JSX.IntrinsicElements'.
src/pages/agent/TrainingPerformance.tsx(819,11): error TS2339: Property 'section' does not exist on type 'JSX.IntrinsicElements'.
src/pages/agent/TrainingPerformance.tsx(822,9): error TS2339: Property 'div' does not exist on type 'JSX.IntrinsicElements'.
src/pages/agent/TrainingPerformance.tsx(825,9): error TS2339: Property 'div' does not exist on type 'JSX.IntrinsicElements'.
src/pages/agent/TrainingPerformance.tsx(828,11): error TS2339: Property 'section' does not exist on type 'JSX.IntrinsicElements'.
src/pages/agent/TrainingPerformance.tsx(829,13): error TS2339: Property 'h2' does not exist on type 'JSX.IntrinsicElements'.
src/pages/agent/TrainingPerformance.tsx(829,107): error TS2339: Property 'h2' does not exist on type 'JSX.IntrinsicElements'.
src/pages/agent/TrainingPerformance.tsx(831,15): error TS2339: Property 'div' does not exist on type 'JSX.IntrinsicElements'.
src/pages/agent/TrainingPerformance.tsx(833,19): error TS2339: Property 'div' does not exist on type 'JSX.IntrinsicElements'.
src/pages/agent/TrainingPerformance.tsx(834,21): error TS2339: Property 'div' does not exist on type 'JSX.IntrinsicElements'.
src/pages/agent/TrainingPerformance.tsx(838,21): error TS2339: Property 'div' does not exist on type 'JSX.IntrinsicElements'.
src/pages/agent/TrainingPerformance.tsx(839,21): error TS2339: Property 'div' does not exist on type 'JSX.IntrinsicElements'.
src/pages/agent/TrainingPerformance.tsx(840,23): error TS2339: Property 'p' does not exist on type 'JSX.IntrinsicElements'.
src/pages/agent/TrainingPerformance.tsx(842,23): error TS2339: Property 'p' does not exist on type 'JSX.IntrinsicElements'.
src/pages/agent/TrainingPerformance.tsx(843,23): error TS2339: Property 'p' does not exist on type 'JSX.IntrinsicElements'.
src/pages/agent/TrainingPerformance.tsx(844,25): error TS2339: Property 'span' does not exist on type 'JSX.IntrinsicElements'.
src/pages/agent/TrainingPerformance.tsx(844,65): error TS2339: Property 'span' does not exist on type 'JSX.IntrinsicElements'.
src/pages/agent/TrainingPerformance.tsx(845,23): error TS2339: Property 'p' does not exist on type 'JSX.IntrinsicElements'.
src/pages/agent/TrainingPerformance.tsx(846,21): error TS2339: Property 'div' does not exist on type 'JSX.IntrinsicElements'.
src/pages/agent/TrainingPerformance.tsx(847,19): error TS2339: Property 'div' does not exist on type 'JSX.IntrinsicElements'.
src/pages/agent/TrainingPerformance.tsx(850,19): error TS2339: Property 'div' does not exist on type 'JSX.IntrinsicElements'.
src/pages/agent/TrainingPerformance.tsx(850,85): error TS2339: Property 'div' does not exist on type 'JSX.IntrinsicElements'.
src/pages/agent/TrainingPerformance.tsx(852,15): error TS2339: Property 'div' does not exist on type 'JSX.IntrinsicElements'.
src/pages/agent/TrainingPerformance.tsx(857,11): error TS2339: Property 'section' does not exist on type 'JSX.IntrinsicElements'.
src/pages/agent/TrainingPerformance.tsx(861,13): error TS2339: Property 'div' does not exist on type 'JSX.IntrinsicElements'.
src/pages/agent/TrainingPerformance.tsx(863,13): error TS2339: Property 'div' does not exist on type 'JSX.IntrinsicElements'.
src/pages/agent/TrainingPerformance.tsx(864,13): error TS2339: Property 'div' does not exist on type 'JSX.IntrinsicElements'.
src/pages/agent/TrainingPerformance.tsx(865,15): error TS2339: Property 'h3' does not exist on type 'JSX.IntrinsicElements'.
src/pages/agent/TrainingPerformance.tsx(865,74): error TS2339: Property 'h3' does not exist on type 'JSX.IntrinsicElements'.
src/pages/agent/TrainingPerformance.tsx(866,15): error TS2339: Property 'p' does not exist on type 'JSX.IntrinsicElements'.
src/pages/agent/TrainingPerformance.tsx(866,156): error TS2339: Property 'p' does not exist on type 'JSX.IntrinsicElements'.
src/pages/agent/TrainingPerformance.tsx(867,15): error TS2339: Property 'div' does not exist on type 'JSX.IntrinsicElements'.
src/pages/agent/TrainingPerformance.tsx(883,15): error TS2339: Property 'div' does not exist on type 'JSX.IntrinsicElements'.
src/pages/agent/TrainingPerformance.tsx(884,13): error TS2339: Property 'div' does not exist on type 'JSX.IntrinsicElements'.
src/pages/agent/TrainingPerformance.tsx(886,9): error TS2339: Property 'div' does not exist on type 'JSX.IntrinsicElements'.
src/pages/agent/TrainingPerformance.tsx(887,7): error TS2339: Property 'div' does not exist on type 'JSX.IntrinsicElements'.
src/pages/agent/TrainingPerformance.tsx(921,5): error TS2339: Property 'div' does not exist on type 'JSX.IntrinsicElements'.
src/pages/AgentDashboard.tsx(2,42): error TS2792: Cannot find module '@tanstack/react-query'. Did you mean to set the 'moduleResolution' option to 'nodenext', or to add aliases to the 'paths' option?
src/pages/AgentDashboard.tsx(3,42): error TS2792: Cannot find module 'react-router-dom'. Did you mean to set the 'moduleResolution' option to 'nodenext', or to add aliases to the 'paths' option?
src/pages/AgentDashboard.tsx(4,29): error TS2792: Cannot find module '@/hooks/use-mobile'. Did you mean to set the 'moduleResolution' option to 'nodenext', or to add aliases to the 'paths' option?
src/pages/AgentDashboard.tsx(5,26): error TS2792: Cannot find module '@/components/ui/skeleton'. Did you mean to set the 'moduleResolution' option to 'nodenext', or to add aliases to the 'paths' option?
src/pages/AgentDashboard.tsx(12,8): error TS2792: Cannot find module '@/components/ui/card'. Did you mean to set the 'moduleResolution' option to 'nodenext', or to add aliases to the 'paths' option?
src/pages/AgentDashboard.tsx(13,23): error TS2792: Cannot find module '@/components/ui/badge'. Did you mean to set the 'moduleResolution' option to 'nodenext', or to add aliases to the 'paths' option?
src/pages/AgentDashboard.tsx(14,23): error TS2792: Cannot find module '@/components/ui/input'. Did you mean to set the 'moduleResolution' option to 'nodenext', or to add aliases to the 'paths' option?
src/pages/AgentDashboard.tsx(21,8): error TS2792: Cannot find module '@/components/ui/select'. Did you mean to set the 'moduleResolution' option to 'nodenext', or to add aliases to the 'paths' option?
src/pages/AgentDashboard.tsx(29,8): error TS2792: Cannot find module '@/components/ui/table'. Did you mean to set the 'moduleResolution' option to 'nodenext', or to add aliases to the 'paths' option?
src/pages/AgentDashboard.tsx(30,26): error TS2792: Cannot find module '@/components/ui/progress'. Did you mean to set the 'moduleResolution' option to 'nodenext', or to add aliases to the 'paths' option?
src/pages/AgentDashboard.tsx(31,58): error TS2792: Cannot find module '@/components/ui/tabs'. Did you mean to set the 'moduleResolution' option to 'nodenext', or to add aliases to the 'paths' option?
src/pages/AgentDashboard.tsx(33,28): error TS2792: Cannot find module '@/components/agent/AddFarmerModal'. Did you mean to set the 'moduleResolution' option to 'nodenext', or to add aliases to the 'paths' option?
src/pages/AgentDashboard.tsx(34,29): error TS2792: Cannot find module '@/components/agent/ViewFarmerModal'. Did you mean to set the 'moduleResolution' option to 'nodenext', or to add aliases to the 'paths' option?
src/pages/AgentDashboard.tsx(35,28): error TS2792: Cannot find module '@/components/agent/ViewMatchModal'. Did you mean to set the 'moduleResolution' option to 'nodenext', or to add aliases to the 'paths' option?
src/pages/AgentDashboard.tsx(36,30): error TS2792: Cannot find module '@/components/agent/ReviewMatchModal'. Did you mean to set the 'moduleResolution' option to 'nodenext', or to add aliases to the 'paths' option?
src/pages/AgentDashboard.tsx(37,30): error TS2792: Cannot find module '@/components/agent/ViewDisputeModal'. Did you mean to set the 'moduleResolution' option to 'nodenext', or to add aliases to the 'paths' option?
src/pages/AgentDashboard.tsx(38,35): error TS2792: Cannot find module '@/components/agent/ViewVisitDetailsModal'. Did you mean to set the 'moduleResolution' option to 'nodenext', or to add aliases to the 'paths' option?
src/pages/AgentDashboard.tsx(39,36): error TS2792: Cannot find module '@/components/agent/VerificationQueueModal'. Did you mean to set the 'moduleResolution' option to 'nodenext', or to add aliases to the 'paths' option?
src/pages/AgentDashboard.tsx(40,31): error TS2792: Cannot find module '@/components/agent/UploadReportModal'. Did you mean to set the 'moduleResolution' option to 'nodenext', or to add aliases to the 'paths' option?
src/pages/AgentDashboard.tsx(41,32): error TS2792: Cannot find module '@/components/agent/ScheduleVisitModal'. Did you mean to set the 'moduleResolution' option to 'nodenext', or to add aliases to the 'paths' option?
src/pages/AgentDashboard.tsx(43,24): error TS2792: Cannot find module '@/components/ui/button'. Did you mean to set the 'moduleResolution' option to 'nodenext', or to add aliases to the 'paths' option?
src/pages/AgentDashboard.tsx(44,30): error TS2792: Cannot find module '@/components/agent/ActiveFarmsModal'. Did you mean to set the 'moduleResolution' option to 'nodenext', or to add aliases to the 'paths' option?
src/pages/AgentDashboard.tsx(45,30): error TS2792: Cannot find module '@/components/agent/MediaUploadModal'. Did you mean to set the 'moduleResolution' option to 'nodenext', or to add aliases to the 'paths' option?
src/pages/AgentDashboard.tsx(46,30): error TS2792: Cannot find module '@/components/agent/FarmJourneyModal'. Did you mean to set the 'moduleResolution' option to 'nodenext', or to add aliases to the 'paths' option?
src/pages/AgentDashboard.tsx(47,28): error TS2792: Cannot find module '@/components/agent/OperationalMap'. Did you mean to set the 'moduleResolution' option to 'nodenext', or to add aliases to the 'paths' option?
src/pages/AgentDashboard.tsx(48,27): error TS2792: Cannot find module '@/components/agent/AddFieldModal'. Did you mean to set the 'moduleResolution' option to 'nodenext', or to add aliases to the 'paths' option?
src/pages/AgentDashboard.tsx(49,53): error TS2792: Cannot find module '@/components/ui/avatar'. Did you mean to set the 'moduleResolution' option to 'nodenext', or to add aliases to the 'paths' option?
src/pages/AgentDashboard.tsx(95,8): error TS2792: Cannot find module 'lucide-react'. Did you mean to set the 'moduleResolution' option to 'nodenext', or to add aliases to the 'paths' option?
src/pages/AgentDashboard.tsx(103,8): error TS2792: Cannot find module 'recharts'. Did you mean to set the 'moduleResolution' option to 'nodenext', or to add aliases to the 'paths' option?
src/pages/AgentDashboard.tsx(104,29): error TS2792: Cannot find module '@/contexts/DarkModeContext'. Did you mean to set the 'moduleResolution' option to 'nodenext', or to add aliases to the 'paths' option?
src/pages/AgentDashboard.tsx(105,21): error TS2792: Cannot find module '@/components/CountUp'. Did you mean to set the 'moduleResolution' option to 'nodenext', or to add aliases to the 'paths' option?
src/pages/AgentDashboard.tsx(112,8): error TS2792: Cannot find module '@/data/dashboardConfig'. Did you mean to set the 'moduleResolution' option to 'nodenext', or to add aliases to the 'paths' option?
src/pages/AgentDashboard.tsx(121,25): error TS2792: Cannot find module '@/contexts/AuthContext'. Did you mean to set the 'moduleResolution' option to 'nodenext', or to add aliases to the 'paths' option?
src/pages/AgentDashboard.tsx(122,17): error TS2792: Cannot find module '@/utils/api'. Did you mean to set the 'moduleResolution' option to 'nodenext', or to add aliases to the 'paths' option?
src/pages/AgentDashboard.tsx(123,23): error TS2792: Cannot find module 'sonner'. Did you mean to set the 'moduleResolution' option to 'nodenext', or to add aliases to the 'paths' option?
src/pages/AgentDashboard.tsx(124,18): error TS2792: Cannot find module 'sweetalert2'. Did you mean to set the 'moduleResolution' option to 'nodenext', or to add aliases to the 'paths' option?
src/pages/AgentDashboard.tsx(125,23): error TS2792: Cannot find module '@/components/ui/Preloader'. Did you mean to set the 'moduleResolution' option to 'nodenext', or to add aliases to the 'paths' option?
src/pages/AgentDashboard.tsx(126,29): error TS2792: Cannot find module '@/hooks/useDebounce'. Did you mean to set the 'moduleResolution' option to 'nodenext', or to add aliases to the 'paths' option?
src/pages/AgentDashboard.tsx(130,5): error TS2339: Property 'div' does not exist on type 'JSX.IntrinsicElements'.
src/pages/AgentDashboard.tsx(131,7): error TS2339: Property 'div' does not exist on type 'JSX.IntrinsicElements'.
src/pages/AgentDashboard.tsx(134,7): error TS2339: Property 'div' does not exist on type 'JSX.IntrinsicElements'.
src/pages/AgentDashboard.tsx(135,7): error TS2339: Property 'div' does not exist on type 'JSX.IntrinsicElements'.
src/pages/AgentDashboard.tsx(137,7): error TS2339: Property 'div' does not exist on type 'JSX.IntrinsicElements'.
src/pages/AgentDashboard.tsx(138,7): error TS2339: Property 'div' does not exist on type 'JSX.IntrinsicElements'.
src/pages/AgentDashboard.tsx(140,7): error TS2339: Property 'div' does not exist on type 'JSX.IntrinsicElements'.
src/pages/AgentDashboard.tsx(141,5): error TS2339: Property 'div' does not exist on type 'JSX.IntrinsicElements'.
src/pages/AgentDashboard.tsx(145,7): error TS2322: Type '() => JSX.Element' is not assignable to type 'FC<{}>'.
  Type 'Element' is not assignable to type 'ReactNode'.
src/pages/AgentDashboard.tsx(565,5): error TS2339: Property 'div' does not exist on type 'JSX.IntrinsicElements'.
src/pages/AgentDashboard.tsx(574,5): error TS2339: Property 'div' does not exist on type 'JSX.IntrinsicElements'.
src/pages/AgentDashboard.tsx(603,7): error TS2339: Property 'div' does not exist on type 'JSX.IntrinsicElements'.
src/pages/AgentDashboard.tsx(604,9): error TS2339: Property 'span' does not exist on type 'JSX.IntrinsicElements'.
src/pages/AgentDashboard.tsx(605,27): error TS2339: Property 'span' does not exist on type 'JSX.IntrinsicElements'.
src/pages/AgentDashboard.tsx(605,73): error TS2339: Property 'span' does not exist on type 'JSX.IntrinsicElements'.
src/pages/AgentDashboard.tsx(606,9): error TS2339: Property 'span' does not exist on type 'JSX.IntrinsicElements'.
src/pages/AgentDashboard.tsx(608,11): error TS2339: Property 'span' does not exist on type 'JSX.IntrinsicElements'.
src/pages/AgentDashboard.tsx(611,15): error TS2339: Property 'span' does not exist on type 'JSX.IntrinsicElements'.
src/pages/AgentDashboard.tsx(611,99): error TS2339: Property 'span' does not exist on type 'JSX.IntrinsicElements'.
src/pages/AgentDashboard.tsx(613,11): error TS2339: Property 'span' does not exist on type 'JSX.IntrinsicElements'.
src/pages/AgentDashboard.tsx(615,7): error TS2339: Property 'div' does not exist on type 'JSX.IntrinsicElements'.
src/pages/AgentDashboard.tsx(629,9): error TS2339: Property 'div' does not exist on type 'JSX.IntrinsicElements'.
src/pages/AgentDashboard.tsx(631,11): error TS2339: Property 'div' does not exist on type 'JSX.IntrinsicElements'.
src/pages/AgentDashboard.tsx(633,13): error TS2339: Property 'div' does not exist on type 'JSX.IntrinsicElements'.
src/pages/AgentDashboard.tsx(634,15): error TS2339: Property 'div' does not exist on type 'JSX.IntrinsicElements'.
src/pages/AgentDashboard.tsx(642,17): error TS2339: Property 'div' does not exist on type 'JSX.IntrinsicElements'.
src/pages/AgentDashboard.tsx(643,19): error TS2339: Property 'div' does not exist on type 'JSX.IntrinsicElements'.
src/pages/AgentDashboard.tsx(644,21): error TS2339: Property 'h1' does not exist on type 'JSX.IntrinsicElements'.
src/pages/AgentDashboard.tsx(644,149): error TS2339: Property 'h1' does not exist on type 'JSX.IntrinsicElements'.
src/pages/AgentDashboard.tsx(646,19): error TS2339: Property 'div' does not exist on type 'JSX.IntrinsicElements'.
src/pages/AgentDashboard.tsx(647,19): error TS2339: Property 'span' does not exist on type 'JSX.IntrinsicElements'.
src/pages/AgentDashboard.tsx(647,116): error TS2339: Property 'span' does not exist on type 'JSX.IntrinsicElements'.
src/pages/AgentDashboard.tsx(648,17): error TS2339: Property 'div' does not exist on type 'JSX.IntrinsicElements'.
src/pages/AgentDashboard.tsx(649,15): error TS2339: Property 'div' does not exist on type 'JSX.IntrinsicElements'.
src/pages/AgentDashboard.tsx(650,15): error TS2339: Property 'div' does not exist on type 'JSX.IntrinsicElements'.
src/pages/AgentDashboard.tsx(657,19): error TS2339: Property 'img' does not exist on type 'JSX.IntrinsicElements'.
src/pages/AgentDashboard.tsx(660,19): error TS2339: Property 'span' does not exist on type 'JSX.IntrinsicElements'.
src/pages/AgentDashboard.tsx(662,19): error TS2339: Property 'span' does not exist on type 'JSX.IntrinsicElements'.
src/pages/AgentDashboard.tsx(664,15): error TS2339: Property 'div' does not exist on type 'JSX.IntrinsicElements'.
src/pages/AgentDashboard.tsx(665,13): error TS2339: Property 'div' does not exist on type 'JSX.IntrinsicElements'.
src/pages/AgentDashboard.tsx(666,11): error TS2339: Property 'div' does not exist on type 'JSX.IntrinsicElements'.
src/pages/AgentDashboard.tsx(669,11): error TS2339: Property 'div' does not exist on type 'JSX.IntrinsicElements'.
src/pages/AgentDashboard.tsx(671,13): error TS2339: Property 'div' does not exist on type 'JSX.IntrinsicElements'.
src/pages/AgentDashboard.tsx(672,15): error TS2339: Property 'div' does not exist on type 'JSX.IntrinsicElements'.
src/pages/AgentDashboard.tsx(683,17): error TS2339: Property 'div' does not exist on type 'JSX.IntrinsicElements'.
src/pages/AgentDashboard.tsx(684,19): error TS2339: Property 'div' does not exist on type 'JSX.IntrinsicElements'.
src/pages/AgentDashboard.tsx(688,21): error TS2339: Property 'img' does not exist on type 'JSX.IntrinsicElements'.
src/pages/AgentDashboard.tsx(693,21): error TS2339: Property 'div' does not exist on type 'JSX.IntrinsicElements'.
src/pages/AgentDashboard.tsx(696,21): error TS2339: Property 'div' does not exist on type 'JSX.IntrinsicElements'.
src/pages/AgentDashboard.tsx(698,21): error TS2339: Property 'div' does not exist on type 'JSX.IntrinsicElements'.
src/pages/AgentDashboard.tsx(699,23): error TS2339: Property 'div' does not exist on type 'JSX.IntrinsicElements'.
src/pages/AgentDashboard.tsx(700,25): error TS2339: Property 'div' does not exist on type 'JSX.IntrinsicElements'.
src/pages/AgentDashboard.tsx(701,27): error TS2339: Property 'span' does not exist on type 'JSX.IntrinsicElements'.
src/pages/AgentDashboard.tsx(702,27): error TS2339: Property 'span' does not exist on type 'JSX.IntrinsicElements'.
src/pages/AgentDashboard.tsx(702,133): error TS2339: Property 'span' does not exist on type 'JSX.IntrinsicElements'.
src/pages/AgentDashboard.tsx(703,25): error TS2339: Property 'div' does not exist on type 'JSX.IntrinsicElements'.
src/pages/AgentDashboard.tsx(704,25): error TS2339: Property 'h3' does not exist on type 'JSX.IntrinsicElements'.
src/pages/AgentDashboard.tsx(706,25): error TS2339: Property 'h3' does not exist on type 'JSX.IntrinsicElements'.
src/pages/AgentDashboard.tsx(707,25): error TS2339: Property 'p' does not exist on type 'JSX.IntrinsicElements'.
src/pages/AgentDashboard.tsx(710,25): error TS2339: Property 'p' does not exist on type 'JSX.IntrinsicElements'.
src/pages/AgentDashboard.tsx(711,23): error TS2339: Property 'div' does not exist on type 'JSX.IntrinsicElements'.
src/pages/AgentDashboard.tsx(714,23): error TS2339: Property 'div' does not exist on type 'JSX.IntrinsicElements'.
src/pages/AgentDashboard.tsx(715,21): error TS2339: Property 'div' does not exist on type 'JSX.IntrinsicElements'.
src/pages/AgentDashboard.tsx(716,19): error TS2339: Property 'div' does not exist on type 'JSX.IntrinsicElements'.
src/pages/AgentDashboard.tsx(717,17): error TS2339: Property 'div' does not exist on type 'JSX.IntrinsicElements'.
src/pages/AgentDashboard.tsx(720,17): error TS2339: Property 'div' does not exist on type 'JSX.IntrinsicElements'.
src/pages/AgentDashboard.tsx(721,19): error TS2339: Property 'div' does not exist on type 'JSX.IntrinsicElements'.
src/pages/AgentDashboard.tsx(728,21): error TS2339: Property 'img' does not exist on type 'JSX.IntrinsicElements'.
src/pages/AgentDashboard.tsx(733,21): error TS2339: Property 'div' does not exist on type 'JSX.IntrinsicElements'.
src/pages/AgentDashboard.tsx(734,21): error TS2339: Property 'div' does not exist on type 'JSX.IntrinsicElements'.
src/pages/AgentDashboard.tsx(735,23): error TS2339: Property 'div' does not exist on type 'JSX.IntrinsicElements'.
src/pages/AgentDashboard.tsx(736,25): error TS2339: Property 'span' does not exist on type 'JSX.IntrinsicElements'.
src/pages/AgentDashboard.tsx(736,137): error TS2339: Property 'span' does not exist on type 'JSX.IntrinsicElements'.
src/pages/AgentDashboard.tsx(737,25): error TS2339: Property 'h3' does not exist on type 'JSX.IntrinsicElements'.
src/pages/AgentDashboard.tsx(737,136): error TS2339: Property 'h3' does not exist on type 'JSX.IntrinsicElements'.
src/pages/AgentDashboard.tsx(738,25): error TS2339: Property 'p' does not exist on type 'JSX.IntrinsicElements'.
src/pages/AgentDashboard.tsx(738,107): error TS2339: Property 'p' does not exist on type 'JSX.IntrinsicElements'.
src/pages/AgentDashboard.tsx(739,23): error TS2339: Property 'div' does not exist on type 'JSX.IntrinsicElements'.
src/pages/AgentDashboard.tsx(740,23): error TS2339: Property 'div' does not exist on type 'JSX.IntrinsicElements'.
src/pages/AgentDashboard.tsx(742,23): error TS2339: Property 'div' does not exist on type 'JSX.IntrinsicElements'.
src/pages/AgentDashboard.tsx(743,21): error TS2339: Property 'div' does not exist on type 'JSX.IntrinsicElements'.
src/pages/AgentDashboard.tsx(744,19): error TS2339: Property 'div' does not exist on type 'JSX.IntrinsicElements'.
src/pages/AgentDashboard.tsx(745,17): error TS2339: Property 'div' does not exist on type 'JSX.IntrinsicElements'.
src/pages/AgentDashboard.tsx(748,17): error TS2339: Property 'div' does not exist on type 'JSX.IntrinsicElements'.
src/pages/AgentDashboard.tsx(749,19): error TS2339: Property 'div' does not exist on type 'JSX.IntrinsicElements'.
src/pages/AgentDashboard.tsx(756,21): error TS2339: Property 'img' does not exist on type 'JSX.IntrinsicElements'.
src/pages/AgentDashboard.tsx(761,21): error TS2339: Property 'div' does not exist on type 'JSX.IntrinsicElements'.
src/pages/AgentDashboard.tsx(762,21): error TS2339: Property 'div' does not exist on type 'JSX.IntrinsicElements'.
src/pages/AgentDashboard.tsx(763,23): error TS2339: Property 'div' does not exist on type 'JSX.IntrinsicElements'.
src/pages/AgentDashboard.tsx(764,25): error TS2339: Property 'span' does not exist on type 'JSX.IntrinsicElements'.
src/pages/AgentDashboard.tsx(764,137): error TS2339: Property 'span' does not exist on type 'JSX.IntrinsicElements'.
src/pages/AgentDashboard.tsx(765,25): error TS2339: Property 'h3' does not exist on type 'JSX.IntrinsicElements'.
src/pages/AgentDashboard.tsx(765,135): error TS2339: Property 'h3' does not exist on type 'JSX.IntrinsicElements'.
src/pages/AgentDashboard.tsx(766,25): error TS2339: Property 'p' does not exist on type 'JSX.IntrinsicElements'.
src/pages/AgentDashboard.tsx(766,108): error TS2339: Property 'p' does not exist on type 'JSX.IntrinsicElements'.
src/pages/AgentDashboard.tsx(767,23): error TS2339: Property 'div' does not exist on type 'JSX.IntrinsicElements'.
src/pages/AgentDashboard.tsx(768,23): error TS2339: Property 'div' does not exist on type 'JSX.IntrinsicElements'.
src/pages/AgentDashboard.tsx(770,23): error TS2339: Property 'div' does not exist on type 'JSX.IntrinsicElements'.
src/pages/AgentDashboard.tsx(771,21): error TS2339: Property 'div' does not exist on type 'JSX.IntrinsicElements'.
src/pages/AgentDashboard.tsx(772,19): error TS2339: Property 'div' does not exist on type 'JSX.IntrinsicElements'.
src/pages/AgentDashboard.tsx(773,17): error TS2339: Property 'div' does not exist on type 'JSX.IntrinsicElements'.
src/pages/AgentDashboard.tsx(775,15): error TS2339: Property 'div' does not exist on type 'JSX.IntrinsicElements'.
src/pages/AgentDashboard.tsx(778,15): error TS2339: Property 'div' does not exist on type 'JSX.IntrinsicElements'.
src/pages/AgentDashboard.tsx(780,19): error TS2339: Property 'div' does not exist on type 'JSX.IntrinsicElements'.
src/pages/AgentDashboard.tsx(785,15): error TS2339: Property 'div' does not exist on type 'JSX.IntrinsicElements'.
src/pages/AgentDashboard.tsx(786,13): error TS2339: Property 'div' does not exist on type 'JSX.IntrinsicElements'.
src/pages/AgentDashboard.tsx(789,13): error TS2339: Property 'div' does not exist on type 'JSX.IntrinsicElements'.
src/pages/AgentDashboard.tsx(790,15): error TS2339: Property 'img' does not exist on type 'JSX.IntrinsicElements'.
src/pages/AgentDashboard.tsx(795,15): error TS2339: Property 'div' does not exist on type 'JSX.IntrinsicElements'.
src/pages/AgentDashboard.tsx(796,17): error TS2339: Property 'h3' does not exist on type 'JSX.IntrinsicElements'.
src/pages/AgentDashboard.tsx(796,155): error TS2339: Property 'h3' does not exist on type 'JSX.IntrinsicElements'.
src/pages/AgentDashboard.tsx(797,17): error TS2339: Property 'p' does not exist on type 'JSX.IntrinsicElements'.
src/pages/AgentDashboard.tsx(797,113): error TS2339: Property 'p' does not exist on type 'JSX.IntrinsicElements'.
src/pages/AgentDashboard.tsx(798,15): error TS2339: Property 'div' does not exist on type 'JSX.IntrinsicElements'.
src/pages/AgentDashboard.tsx(799,13): error TS2339: Property 'div' does not exist on type 'JSX.IntrinsicElements'.
src/pages/AgentDashboard.tsx(803,13): error TS2339: Property 'div' does not exist on type 'JSX.IntrinsicElements'.
src/pages/AgentDashboard.tsx(804,15): error TS2339: Property 'div' does not exist on type 'JSX.IntrinsicElements'.
src/pages/AgentDashboard.tsx(805,17): error TS2339: Property 'h2' does not exist on type 'JSX.IntrinsicElements'.
src/pages/AgentDashboard.tsx(805,80): error TS2339: Property 'h2' does not exist on type 'JSX.IntrinsicElements'.
src/pages/AgentDashboard.tsx(806,15): error TS2339: Property 'div' does not exist on type 'JSX.IntrinsicElements'.
src/pages/AgentDashboard.tsx(809,15): error TS2339: Property 'div' does not exist on type 'JSX.IntrinsicElements'.
src/pages/AgentDashboard.tsx(811,19): error TS2339: Property 'div' does not exist on type 'JSX.IntrinsicElements'.
src/pages/AgentDashboard.tsx(817,21): error TS2339: Property 'img' does not exist on type 'JSX.IntrinsicElements'.
src/pages/AgentDashboard.tsx(823,21): error TS2339: Property 'div' does not exist on type 'JSX.IntrinsicElements'.
src/pages/AgentDashboard.tsx(825,21): error TS2339: Property 'div' does not exist on type 'JSX.IntrinsicElements'.
src/pages/AgentDashboard.tsx(827,21): error TS2339: Property 'div' does not exist on type 'JSX.IntrinsicElements'.
src/pages/AgentDashboard.tsx(829,21): error TS2339: Property 'div' does not exist on type 'JSX.IntrinsicElements'.
src/pages/AgentDashboard.tsx(830,23): error TS2339: Property 'span' does not exist on type 'JSX.IntrinsicElements'.
src/pages/AgentDashboard.tsx(830,121): error TS2339: Property 'span' does not exist on type 'JSX.IntrinsicElements'.
src/pages/AgentDashboard.tsx(831,23): error TS2339: Property 'p' does not exist on type 'JSX.IntrinsicElements'.
src/pages/AgentDashboard.tsx(833,23): error TS2339: Property 'p' does not exist on type 'JSX.IntrinsicElements'.
src/pages/AgentDashboard.tsx(834,23): error TS2339: Property 'span' does not exist on type 'JSX.IntrinsicElements'.
src/pages/AgentDashboard.tsx(834,93): error TS2339: Property 'span' does not exist on type 'JSX.IntrinsicElements'.
src/pages/AgentDashboard.tsx(835,21): error TS2339: Property 'div' does not exist on type 'JSX.IntrinsicElements'.
src/pages/AgentDashboard.tsx(836,19): error TS2339: Property 'div' does not exist on type 'JSX.IntrinsicElements'.
src/pages/AgentDashboard.tsx(838,15): error TS2339: Property 'div' does not exist on type 'JSX.IntrinsicElements'.
src/pages/AgentDashboard.tsx(839,13): error TS2339: Property 'div' does not exist on type 'JSX.IntrinsicElements'.
src/pages/AgentDashboard.tsx(842,13): error TS2339: Property 'div' does not exist on type 'JSX.IntrinsicElements'.
src/pages/AgentDashboard.tsx(843,15): error TS2339: Property 'div' does not exist on type 'JSX.IntrinsicElements'.
src/pages/AgentDashboard.tsx(844,17): error TS2339: Property 'h2' does not exist on type 'JSX.IntrinsicElements'.
src/pages/AgentDashboard.tsx(844,96): error TS2339: Property 'h2' does not exist on type 'JSX.IntrinsicElements'.
src/pages/AgentDashboard.tsx(845,17): error TS2339: Property 'button' does not exist on type 'JSX.IntrinsicElements'.
src/pages/AgentDashboard.tsx(845,172): error TS2339: Property 'button' does not exist on type 'JSX.IntrinsicElements'.
src/pages/AgentDashboard.tsx(846,15): error TS2339: Property 'div' does not exist on type 'JSX.IntrinsicElements'.
src/pages/AgentDashboard.tsx(848,15): error TS2339: Property 'div' does not exist on type 'JSX.IntrinsicElements'.
src/pages/AgentDashboard.tsx(850,19): error TS2339: Property 'div' does not exist on type 'JSX.IntrinsicElements'.
src/pages/AgentDashboard.tsx(854,21): error TS2339: Property 'div' does not exist on type 'JSX.IntrinsicElements'.
src/pages/AgentDashboard.tsx(856,21): error TS2339: Property 'div' does not exist on type 'JSX.IntrinsicElements'.
src/pages/AgentDashboard.tsx(857,21): error TS2339: Property 'div' does not exist on type 'JSX.IntrinsicElements'.
src/pages/AgentDashboard.tsx(858,23): error TS2339: Property 'h4' does not exist on type 'JSX.IntrinsicElements'.
src/pages/AgentDashboard.tsx(858,150): error TS2339: Property 'h4' does not exist on type 'JSX.IntrinsicElements'.
src/pages/AgentDashboard.tsx(859,23): error TS2339: Property 'p' does not exist on type 'JSX.IntrinsicElements'.
src/pages/AgentDashboard.tsx(859,132): error TS2339: Property 'p' does not exist on type 'JSX.IntrinsicElements'.
src/pages/AgentDashboard.tsx(860,21): error TS2339: Property 'div' does not exist on type 'JSX.IntrinsicElements'.
src/pages/AgentDashboard.tsx(861,21): error TS2339: Property 'div' does not exist on type 'JSX.IntrinsicElements'.
src/pages/AgentDashboard.tsx(862,23): error TS2339: Property 'span' does not exist on type 'JSX.IntrinsicElements'.
src/pages/AgentDashboard.tsx(862,119): error TS2339: Property 'span' does not exist on type 'JSX.IntrinsicElements'.
src/pages/AgentDashboard.tsx(863,23): error TS2339: Property 'span' does not exist on type 'JSX.IntrinsicElements'.
src/pages/AgentDashboard.tsx(863,111): error TS2339: Property 'span' does not exist on type 'JSX.IntrinsicElements'.
src/pages/AgentDashboard.tsx(864,21): error TS2339: Property 'div' does not exist on type 'JSX.IntrinsicElements'.
src/pages/AgentDashboard.tsx(865,19): error TS2339: Property 'div' does not exist on type 'JSX.IntrinsicElements'.
src/pages/AgentDashboard.tsx(867,19): error TS2339: Property 'div' does not exist on type 'JSX.IntrinsicElements'.
src/pages/AgentDashboard.tsx(868,21): error TS2339: Property 'p' does not exist on type 'JSX.IntrinsicElements'.
src/pages/AgentDashboard.tsx(868,112): error TS2339: Property 'p' does not exist on type 'JSX.IntrinsicElements'.
src/pages/AgentDashboard.tsx(869,19): error TS2339: Property 'div' does not exist on type 'JSX.IntrinsicElements'.
src/pages/AgentDashboard.tsx(871,15): error TS2339: Property 'div' does not exist on type 'JSX.IntrinsicElements'.
src/pages/AgentDashboard.tsx(872,13): error TS2339: Property 'div' does not exist on type 'JSX.IntrinsicElements'.
src/pages/AgentDashboard.tsx(875,13): error TS2339: Property 'div' does not exist on type 'JSX.IntrinsicElements'.
src/pages/AgentDashboard.tsx(876,15): error TS2339: Property 'div' does not exist on type 'JSX.IntrinsicElements'.
src/pages/AgentDashboard.tsx(877,17): error TS2339: Property 'h2' does not exist on type 'JSX.IntrinsicElements'.
src/pages/AgentDashboard.tsx(877,98): error TS2339: Property 'h2' does not exist on type 'JSX.IntrinsicElements'.
src/pages/AgentDashboard.tsx(878,17): error TS2339: Property 'button' does not exist on type 'JSX.IntrinsicElements'.
src/pages/AgentDashboard.tsx(881,31): error TS2339: Property 'button' does not exist on type 'JSX.IntrinsicElements'.
src/pages/AgentDashboard.tsx(882,15): error TS2339: Property 'div' does not exist on type 'JSX.IntrinsicElements'.
src/pages/AgentDashboard.tsx(885,17): error TS2339: Property 'div' does not exist on type 'JSX.IntrinsicElements'.
src/pages/AgentDashboard.tsx(887,17): error TS2339: Property 'div' does not exist on type 'JSX.IntrinsicElements'.
src/pages/AgentDashboard.tsx(889,13): error TS2339: Property 'div' does not exist on type 'JSX.IntrinsicElements'.
src/pages/AgentDashboard.tsx(892,13): error TS2339: Property 'div' does not exist on type 'JSX.IntrinsicElements'.
src/pages/AgentDashboard.tsx(893,15): error TS2339: Property 'div' does not exist on type 'JSX.IntrinsicElements'.
src/pages/AgentDashboard.tsx(895,17): error TS2339: Property 'div' does not exist on type 'JSX.IntrinsicElements'.
src/pages/AgentDashboard.tsx(896,19): error TS2339: Property 'img' does not exist on type 'JSX.IntrinsicElements'.
src/pages/AgentDashboard.tsx(901,19): error TS2339: Property 'div' does not exist on type 'JSX.IntrinsicElements'.
src/pages/AgentDashboard.tsx(902,19): error TS2339: Property 'div' does not exist on type 'JSX.IntrinsicElements'.
src/pages/AgentDashboard.tsx(903,21): error TS2339: Property 'div' does not exist on type 'JSX.IntrinsicElements'.
src/pages/AgentDashboard.tsx(904,23): error TS2339: Property 'p' does not exist on type 'JSX.IntrinsicElements'.
src/pages/AgentDashboard.tsx(904,143): error TS2339: Property 'p' does not exist on type 'JSX.IntrinsicElements'.
src/pages/AgentDashboard.tsx(905,23): error TS2339: Property 'h3' does not exist on type 'JSX.IntrinsicElements'.
src/pages/AgentDashboard.tsx(907,23): error TS2339: Property 'h3' does not exist on type 'JSX.IntrinsicElements'.
src/pages/AgentDashboard.tsx(908,21): error TS2339: Property 'div' does not exist on type 'JSX.IntrinsicElements'.
src/pages/AgentDashboard.tsx(909,21): error TS2339: Property 'div' does not exist on type 'JSX.IntrinsicElements'.
src/pages/AgentDashboard.tsx(910,23): error TS2339: Property 'div' does not exist on type 'JSX.IntrinsicElements'.
src/pages/AgentDashboard.tsx(911,25): error TS2339: Property 'p' does not exist on type 'JSX.IntrinsicElements'.
src/pages/AgentDashboard.tsx(911,128): error TS2339: Property 'p' does not exist on type 'JSX.IntrinsicElements'.
src/pages/AgentDashboard.tsx(912,25): error TS2339: Property 'span' does not exist on type 'JSX.IntrinsicElements'.
src/pages/AgentDashboard.tsx(912,114): error TS2339: Property 'span' does not exist on type 'JSX.IntrinsicElements'.
src/pages/AgentDashboard.tsx(913,23): error TS2339: Property 'div' does not exist on type 'JSX.IntrinsicElements'.
src/pages/AgentDashboard.tsx(914,23): error TS2339: Property 'div' does not exist on type 'JSX.IntrinsicElements'.
src/pages/AgentDashboard.tsx(915,25): error TS2339: Property 'div' does not exist on type 'JSX.IntrinsicElements'.
src/pages/AgentDashboard.tsx(915,144): error TS2339: Property 'div' does not exist on type 'JSX.IntrinsicElements'.
src/pages/AgentDashboard.tsx(916,23): error TS2339: Property 'div' does not exist on type 'JSX.IntrinsicElements'.
src/pages/AgentDashboard.tsx(917,23): error TS2339: Property 'button' does not exist on type 'JSX.IntrinsicElements'.
src/pages/AgentDashboard.tsx(920,47): error TS2339: Property 'button' does not exist on type 'JSX.IntrinsicElements'.
src/pages/AgentDashboard.tsx(921,21): error TS2339: Property 'div' does not exist on type 'JSX.IntrinsicElements'.
src/pages/AgentDashboard.tsx(922,19): error TS2339: Property 'div' does not exist on type 'JSX.IntrinsicElements'.
src/pages/AgentDashboard.tsx(923,17): error TS2339: Property 'div' does not exist on type 'JSX.IntrinsicElements'.
src/pages/AgentDashboard.tsx(926,15): error TS2339: Property 'div' does not exist on type 'JSX.IntrinsicElements'.
src/pages/AgentDashboard.tsx(927,13): error TS2339: Property 'div' does not exist on type 'JSX.IntrinsicElements'.
src/pages/AgentDashboard.tsx(930,13): error TS2339: Property 'div' does not exist on type 'JSX.IntrinsicElements'.
src/pages/AgentDashboard.tsx(931,15): error TS2339: Property 'div' does not exist on type 'JSX.IntrinsicElements'.
src/pages/AgentDashboard.tsx(932,17): error TS2339: Property 'h2' does not exist on type 'JSX.IntrinsicElements'.
src/pages/AgentDashboard.tsx(932,110): error TS2339: Property 'h2' does not exist on type 'JSX.IntrinsicElements'.
src/pages/AgentDashboard.tsx(933,15): error TS2339: Property 'div' does not exist on type 'JSX.IntrinsicElements'.
src/pages/AgentDashboard.tsx(935,15): error TS2339: Property 'div' does not exist on type 'JSX.IntrinsicElements'.
src/pages/AgentDashboard.tsx(942,21): error TS2339: Property 'div' does not exist on type 'JSX.IntrinsicElements'.
src/pages/AgentDashboard.tsx(943,23): error TS2339: Property 'div' does not exist on type 'JSX.IntrinsicElements'.
src/pages/AgentDashboard.tsx(945,23): error TS2339: Property 'div' does not exist on type 'JSX.IntrinsicElements'.
src/pages/AgentDashboard.tsx(946,23): error TS2339: Property 'div' does not exist on type 'JSX.IntrinsicElements'.
src/pages/AgentDashboard.tsx(947,25): error TS2339: Property 'p' does not exist on type 'JSX.IntrinsicElements'.
src/pages/AgentDashboard.tsx(947,145): error TS2339: Property 'p' does not exist on type 'JSX.IntrinsicElements'.
src/pages/AgentDashboard.tsx(948,25): error TS2339: Property 'div' does not exist on type 'JSX.IntrinsicElements'.
src/pages/AgentDashboard.tsx(949,27): error TS2339: Property 'span' does not exist on type 'JSX.IntrinsicElements'.
src/pages/AgentDashboard.tsx(949,170): error TS2339: Property 'span' does not exist on type 'JSX.IntrinsicElements'.
src/pages/AgentDashboard.tsx(950,27): error TS2339: Property 'span' does not exist on type 'JSX.IntrinsicElements'.
src/pages/AgentDashboard.tsx(950,253): error TS2339: Property 'span' does not exist on type 'JSX.IntrinsicElements'.
src/pages/AgentDashboard.tsx(951,25): error TS2339: Property 'div' does not exist on type 'JSX.IntrinsicElements'.
src/pages/AgentDashboard.tsx(952,23): error TS2339: Property 'div' does not exist on type 'JSX.IntrinsicElements'.
src/pages/AgentDashboard.tsx(953,21): error TS2339: Property 'div' does not exist on type 'JSX.IntrinsicElements'.
src/pages/AgentDashboard.tsx(956,19): error TS2339: Property 'div' does not exist on type 'JSX.IntrinsicElements'.
src/pages/AgentDashboard.tsx(957,21): error TS2339: Property 'p' does not exist on type 'JSX.IntrinsicElements'.
src/pages/AgentDashboard.tsx(957,108): error TS2339: Property 'p' does not exist on type 'JSX.IntrinsicElements'.
src/pages/AgentDashboard.tsx(958,19): error TS2339: Property 'div' does not exist on type 'JSX.IntrinsicElements'.
src/pages/AgentDashboard.tsx(960,15): error TS2339: Property 'div' does not exist on type 'JSX.IntrinsicElements'.
src/pages/AgentDashboard.tsx(961,13): error TS2339: Property 'div' does not exist on type 'JSX.IntrinsicElements'.
src/pages/AgentDashboard.tsx(964,13): error TS2339: Property 'div' does not exist on type 'JSX.IntrinsicElements'.
src/pages/AgentDashboard.tsx(967,15): error TS2339: Property 'div' does not exist on type 'JSX.IntrinsicElements'.
src/pages/AgentDashboard.tsx(968,17): error TS2339: Property 'div' does not exist on type 'JSX.IntrinsicElements'.
src/pages/AgentDashboard.tsx(975,17): error TS2339: Property 'div' does not exist on type 'JSX.IntrinsicElements'.
src/pages/AgentDashboard.tsx(976,19): error TS2339: Property 'h3' does not exist on type 'JSX.IntrinsicElements'.
src/pages/AgentDashboard.tsx(976,163): error TS2339: Property 'h3' does not exist on type 'JSX.IntrinsicElements'.
src/pages/AgentDashboard.tsx(977,19): error TS2339: Property 'div' does not exist on type 'JSX.IntrinsicElements'.
src/pages/AgentDashboard.tsx(978,21): error TS2339: Property 'div' does not exist on type 'JSX.IntrinsicElements'.
src/pages/AgentDashboard.tsx(979,23): error TS2339: Property 'span' does not exist on type 'JSX.IntrinsicElements'.
src/pages/AgentDashboard.tsx(979,116): error TS2339: Property 'span' does not exist on type 'JSX.IntrinsicElements'.
src/pages/AgentDashboard.tsx(980,23): error TS2339: Property 'span' does not exist on type 'JSX.IntrinsicElements'.
src/pages/AgentDashboard.tsx(980,80): error TS2339: Property 'span' does not exist on type 'JSX.IntrinsicElements'.
src/pages/AgentDashboard.tsx(981,21): error TS2339: Property 'div' does not exist on type 'JSX.IntrinsicElements'.
src/pages/AgentDashboard.tsx(982,21): error TS2339: Property 'div' does not exist on type 'JSX.IntrinsicElements'.
src/pages/AgentDashboard.tsx(983,23): error TS2339: Property 'span' does not exist on type 'JSX.IntrinsicElements'.
src/pages/AgentDashboard.tsx(983,60): error TS2339: Property 'span' does not exist on type 'JSX.IntrinsicElements'.
src/pages/AgentDashboard.tsx(984,23): error TS2339: Property 'span' does not exist on type 'JSX.IntrinsicElements'.
src/pages/AgentDashboard.tsx(984,65): error TS2339: Property 'span' does not exist on type 'JSX.IntrinsicElements'.
src/pages/AgentDashboard.tsx(985,23): error TS2339: Property 'span' does not exist on type 'JSX.IntrinsicElements'.
src/pages/AgentDashboard.tsx(985,57): error TS2339: Property 'span' does not exist on type 'JSX.IntrinsicElements'.
src/pages/AgentDashboard.tsx(986,21): error TS2339: Property 'div' does not exist on type 'JSX.IntrinsicElements'.
src/pages/AgentDashboard.tsx(987,21): error TS2339: Property 'div' does not exist on type 'JSX.IntrinsicElements'.
src/pages/AgentDashboard.tsx(988,23): error TS2339: Property 'div' does not exist on type 'JSX.IntrinsicElements'.
src/pages/AgentDashboard.tsx(988,74): error TS2339: Property 'div' does not exist on type 'JSX.IntrinsicElements'.
src/pages/AgentDashboard.tsx(989,23): error TS2339: Property 'span' does not exist on type 'JSX.IntrinsicElements'.
src/pages/AgentDashboard.tsx(989,128): error TS2339: Property 'span' does not exist on type 'JSX.IntrinsicElements'.
src/pages/AgentDashboard.tsx(990,21): error TS2339: Property 'div' does not exist on type 'JSX.IntrinsicElements'.
src/pages/AgentDashboard.tsx(991,19): error TS2339: Property 'div' does not exist on type 'JSX.IntrinsicElements'.
src/pages/AgentDashboard.tsx(992,17): error TS2339: Property 'div' does not exist on type 'JSX.IntrinsicElements'.
src/pages/AgentDashboard.tsx(1003,15): error TS2339: Property 'div' does not exist on type 'JSX.IntrinsicElements'.
src/pages/AgentDashboard.tsx(1004,13): error TS2339: Property 'div' does not exist on type 'JSX.IntrinsicElements'.
src/pages/AgentDashboard.tsx(1005,38): error TS2339: Property 'div' does not exist on type 'JSX.IntrinsicElements'.
src/pages/AgentDashboard.tsx(1006,11): error TS2339: Property 'div' does not exist on type 'JSX.IntrinsicElements'.
src/pages/AgentDashboard.tsx(1007,9): error TS2339: Property 'div' does not exist on type 'JSX.IntrinsicElements'.
src/pages/AgentDashboard.tsx(1010,7): error TS2339: Property 'div' does not exist on type 'JSX.IntrinsicElements'.
src/pages/AgentDashboard.tsx(1011,9): error TS2339: Property 'div' does not exist on type 'JSX.IntrinsicElements'.
src/pages/AgentDashboard.tsx(1012,11): error TS2339: Property 'div' does not exist on type 'JSX.IntrinsicElements'.
src/pages/AgentDashboard.tsx(1013,13): error TS2339: Property 'h1' does not exist on type 'JSX.IntrinsicElements'.
src/pages/AgentDashboard.tsx(1015,13): error TS2339: Property 'h1' does not exist on type 'JSX.IntrinsicElements'.
src/pages/AgentDashboard.tsx(1016,11): error TS2339: Property 'div' does not exist on type 'JSX.IntrinsicElements'.
src/pages/AgentDashboard.tsx(1017,11): error TS2339: Property 'p' does not exist on type 'JSX.IntrinsicElements'.
src/pages/AgentDashboard.tsx(1019,11): error TS2339: Property 'p' does not exist on type 'JSX.IntrinsicElements'.
src/pages/AgentDashboard.tsx(1020,9): error TS2339: Property 'div' does not exist on type 'JSX.IntrinsicElements'.
src/pages/AgentDashboard.tsx(1021,9): error TS2339: Property 'div' does not exist on type 'JSX.IntrinsicElements'.
src/pages/AgentDashboard.tsx(1030,13): error TS2339: Property 'span' does not exist on type 'JSX.IntrinsicElements'.
src/pages/AgentDashboard.tsx(1030,63): error TS2339: Property 'span' does not exist on type 'JSX.IntrinsicElements'.
src/pages/AgentDashboard.tsx(1038,13): error TS2339: Property 'span' does not exist on type 'JSX.IntrinsicElements'.
src/pages/AgentDashboard.tsx(1038,58): error TS2339: Property 'span' does not exist on type 'JSX.IntrinsicElements'.
src/pages/AgentDashboard.tsx(1040,9): error TS2339: Property 'div' does not exist on type 'JSX.IntrinsicElements'.
src/pages/AgentDashboard.tsx(1041,7): error TS2339: Property 'div' does not exist on type 'JSX.IntrinsicElements'.
src/pages/AgentDashboard.tsx(1043,7): error TS2339: Property 'div' does not exist on type 'JSX.IntrinsicElements'.
src/pages/AgentDashboard.tsx(1052,15): error TS2339: Property 'div' does not exist on type 'JSX.IntrinsicElements'.
src/pages/AgentDashboard.tsx(1053,17): error TS2339: Property 'img' does not exist on type 'JSX.IntrinsicElements'.
src/pages/AgentDashboard.tsx(1054,17): error TS2339: Property 'div' does not exist on type 'JSX.IntrinsicElements'.
src/pages/AgentDashboard.tsx(1055,15): error TS2339: Property 'div' does not exist on type 'JSX.IntrinsicElements'.
src/pages/AgentDashboard.tsx(1057,15): error TS2339: Property 'div' does not exist on type 'JSX.IntrinsicElements'.
src/pages/AgentDashboard.tsx(1058,17): error TS2339: Property 'div' does not exist on type 'JSX.IntrinsicElements'.
src/pages/AgentDashboard.tsx(1059,19): error TS2339: Property 'div' does not exist on type 'JSX.IntrinsicElements'.
src/pages/AgentDashboard.tsx(1061,19): error TS2339: Property 'div' does not exist on type 'JSX.IntrinsicElements'.
src/pages/AgentDashboard.tsx(1062,17): error TS2339: Property 'div' does not exist on type 'JSX.IntrinsicElements'.
src/pages/AgentDashboard.tsx(1064,17): error TS2339: Property 'div' does not exist on type 'JSX.IntrinsicElements'.
src/pages/AgentDashboard.tsx(1065,19): error TS2339: Property 'p' does not exist on type 'JSX.IntrinsicElements'.
src/pages/AgentDashboard.tsx(1065,139): error TS2339: Property 'p' does not exist on type 'JSX.IntrinsicElements'.
src/pages/AgentDashboard.tsx(1066,19): error TS2339: Property 'div' does not exist on type 'JSX.IntrinsicElements'.
src/pages/AgentDashboard.tsx(1067,21): error TS2339: Property 'h3' does not exist on type 'JSX.IntrinsicElements'.
src/pages/AgentDashboard.tsx(1069,21): error TS2339: Property 'h3' does not exist on type 'JSX.IntrinsicElements'.
src/pages/AgentDashboard.tsx(1070,21): error TS2339: Property 'span' does not exist on type 'JSX.IntrinsicElements'.
src/pages/AgentDashboard.tsx(1070,146): error TS2339: Property 'span' does not exist on type 'JSX.IntrinsicElements'.
src/pages/AgentDashboard.tsx(1071,19): error TS2339: Property 'div' does not exist on type 'JSX.IntrinsicElements'.
src/pages/AgentDashboard.tsx(1072,17): error TS2339: Property 'div' does not exist on type 'JSX.IntrinsicElements'.
src/pages/AgentDashboard.tsx(1073,15): error TS2339: Property 'div' does not exist on type 'JSX.IntrinsicElements'.
src/pages/AgentDashboard.tsx(1077,7): error TS2339: Property 'div' does not exist on type 'JSX.IntrinsicElements'.
src/pages/AgentDashboard.tsx(1080,1): error TS2339: Property 'div' does not exist on type 'JSX.IntrinsicElements'.
src/pages/AgentDashboard.tsx(1081,3): error TS2339: Property 'button' does not exist on type 'JSX.IntrinsicElements'.
src/pages/AgentDashboard.tsx(1086,3): error TS2339: Property 'button' does not exist on type 'JSX.IntrinsicElements'.
src/pages/AgentDashboard.tsx(1087,3): error TS2339: Property 'button' does not exist on type 'JSX.IntrinsicElements'.
src/pages/AgentDashboard.tsx(1092,3): error TS2339: Property 'button' does not exist on type 'JSX.IntrinsicElements'.
src/pages/AgentDashboard.tsx(1093,3): error TS2339: Property 'button' does not exist on type 'JSX.IntrinsicElements'.
src/pages/AgentDashboard.tsx(1098,5): error TS2339: Property 'span' does not exist on type 'JSX.IntrinsicElements'.
src/pages/AgentDashboard.tsx(1098,43): error TS2339: Property 'span' does not exist on type 'JSX.IntrinsicElements'.
src/pages/AgentDashboard.tsx(1099,5): error TS2339: Property 'span' does not exist on type 'JSX.IntrinsicElements'.
src/pages/AgentDashboard.tsx(1099,36): error TS2339: Property 'span' does not exist on type 'JSX.IntrinsicElements'.
src/pages/AgentDashboard.tsx(1100,3): error TS2339: Property 'button' does not exist on type 'JSX.IntrinsicElements'.
src/pages/AgentDashboard.tsx(1101,1): error TS2339: Property 'div' does not exist on type 'JSX.IntrinsicElements'.
src/pages/AgentDashboard.tsx(1135,13): error TS2339: Property 'span' does not exist on type 'JSX.IntrinsicElements'.
src/pages/AgentDashboard.tsx(1135,64): error TS2339: Property 'span' does not exist on type 'JSX.IntrinsicElements'.
src/pages/AgentDashboard.tsx(1136,13): error TS2339: Property 'span' does not exist on type 'JSX.IntrinsicElements'.
src/pages/AgentDashboard.tsx(1136,47): error TS2339: Property 'span' does not exist on type 'JSX.IntrinsicElements'.
src/pages/AgentDashboard.tsx(1204,15): error TS2339: Property 'p' does not exist on type 'JSX.IntrinsicElements'.
src/pages/AgentDashboard.tsx(1204,151): error TS2339: Property 'p' does not exist on type 'JSX.IntrinsicElements'.
src/pages/AgentDashboard.tsx(1206,13): error TS2339: Property 'div' does not exist on type 'JSX.IntrinsicElements'.
src/pages/AgentDashboard.tsx(1208,13): error TS2339: Property 'div' does not exist on type 'JSX.IntrinsicElements'.
