src/pages/agent/AgentLayout.tsx(1,8): error TS1259: Module '"C:/Users/Duapa Werkspace 010/Desktop/agrilync/agrilync-protoype/node_modules/@types/react/index"' can only be default-imported using the 'esModuleInterop' flag
src/pages/agent/AgentLayout.tsx(3,29): error TS2307: Cannot find module '@/contexts/DarkModeContext' or its corresponding type declarations.
src/pages/agent/AgentLayout.tsx(4,29): error TS2307: Cannot find module '@/hooks/use-mobile' or its corresponding type declarations.
src/pages/agent/AgentLayout.tsx(5,37): error TS2307: Cannot find module '@/components/ui/sheet' or its corresponding type declarations.
src/pages/agent/AgentLayout.tsx(6,24): error TS2307: Cannot find module '@/components/ui/button' or its corresponding type declarations.
src/pages/agent/AgentLayout.tsx(7,29): error TS2307: Cannot find module '@/components/DashboardLayout' or its corresponding type declarations.
src/pages/agent/AgentLayout.tsx(34,53): error TS2307: Cannot find module '@/components/ui/avatar' or its corresponding type declarations.
src/pages/agent/AgentLayout.tsx(35,25): error TS2307: Cannot find module '@/contexts/AuthContext' or its corresponding type declarations.
src/pages/agent/dashboard/FarmsTab.tsx(1,8): error TS1259: Module '"C:/Users/Duapa Werkspace 010/Desktop/agrilync/agrilync-protoype/node_modules/@types/react/index"' can only be default-imported using the 'esModuleInterop' flag
src/pages/agent/dashboard/FarmsTab.tsx(2,75): error TS2307: Cannot find module '@/components/ui/card' or its corresponding type declarations.
src/pages/agent/dashboard/FarmsTab.tsx(3,23): error TS2307: Cannot find module '@/components/ui/input' or its corresponding type declarations.
src/pages/agent/dashboard/FarmsTab.tsx(4,24): error TS2307: Cannot find module '@/components/ui/button' or its corresponding type declarations.
src/pages/agent/dashboard/FarmsTab.tsx(5,79): error TS2307: Cannot find module '@/components/ui/table' or its corresponding type declarations.
src/pages/agent/dashboard/MediaTab.tsx(1,8): error TS1259: Module '"C:/Users/Duapa Werkspace 010/Desktop/agrilync/agrilync-protoype/node_modules/@types/react/index"' can only be default-imported using the 'esModuleInterop' flag
src/pages/agent/dashboard/MediaTab.tsx(2,58): error TS2307: Cannot find module '@/components/ui/card' or its corresponding type declarations.
src/pages/agent/dashboard/MediaTab.tsx(3,24): error TS2307: Cannot find module '@/components/ui/button' or its corresponding type declarations.
src/pages/agent/dashboard/MediaTab.tsx(4,23): error TS2307: Cannot find module '@/components/ui/badge' or its corresponding type declarations.
src/pages/agent/dashboard/OverviewTab.tsx(1,8): error TS1259: Module '"C:/Users/Duapa Werkspace 010/Desktop/agrilync/agrilync-protoype/node_modules/@types/react/index"' can only be default-imported using the 'esModuleInterop' flag
src/pages/agent/dashboard/OverviewTab.tsx(2,58): error TS2307: Cannot find module '@/components/ui/card' or its corresponding type declarations.
src/pages/agent/dashboard/OverviewTab.tsx(3,24): error TS2307: Cannot find module '@/components/ui/button' or its corresponding type declarations.
src/pages/agent/dashboard/OverviewTab.tsx(4,23): error TS2307: Cannot find module '@/components/ui/badge' or its corresponding type declarations.
src/pages/agent/dashboard/OverviewTab.tsx(32,29): error TS2339: Property 'reportsThisMonth' does not exist on type '{}'.
src/pages/agent/dashboard/ReportsTab.tsx(1,8): error TS1259: Module '"C:/Users/Duapa Werkspace 010/Desktop/agrilync/agrilync-protoype/node_modules/@types/react/index"' can only be default-imported using the 'esModuleInterop' flag
src/pages/agent/dashboard/ReportsTab.tsx(2,58): error TS2307: Cannot find module '@/components/ui/card' or its corresponding type declarations.
src/pages/agent/dashboard/ReportsTab.tsx(3,24): error TS2307: Cannot find module '@/components/ui/button' or its corresponding type declarations.
src/pages/agent/dashboard/VisitsTab.tsx(1,8): error TS1259: Module '"C:/Users/Duapa Werkspace 010/Desktop/agrilync/agrilync-protoype/node_modules/@types/react/index"' can only be default-imported using the 'esModuleInterop' flag
src/pages/agent/dashboard/VisitsTab.tsx(2,58): error TS2307: Cannot find module '@/components/ui/card' or its corresponding type declarations.
src/pages/agent/dashboard/VisitsTab.tsx(3,24): error TS2307: Cannot find module '@/components/ui/button' or its corresponding type declarations.
src/pages/agent/dashboard/VisitsTab.tsx(18,30): error TS2339: Property 'reportsThisMonth' does not exist on type '{}'.
src/pages/agent/TrainingPerformance.tsx(1,8): error TS1259: Module '"C:/Users/Duapa Werkspace 010/Desktop/agrilync/agrilync-protoype/node_modules/@types/react/index"' can only be default-imported using the 'esModuleInterop' flag
src/pages/agent/TrainingPerformance.tsx(10,8): error TS2307: Cannot find module '@/components/ui/card' or its corresponding type declarations.
src/pages/agent/TrainingPerformance.tsx(11,26): error TS2307: Cannot find module '@/components/ui/skeleton' or its corresponding type declarations.
src/pages/agent/TrainingPerformance.tsx(12,24): error TS2307: Cannot find module '@/components/ui/button' or its corresponding type declarations.
src/pages/agent/TrainingPerformance.tsx(13,23): error TS2307: Cannot find module '@/components/ui/badge' or its corresponding type declarations.
src/pages/agent/TrainingPerformance.tsx(14,26): error TS2307: Cannot find module '@/components/ui/progress' or its corresponding type declarations.
src/pages/agent/TrainingPerformance.tsx(22,8): error TS2307: Cannot find module '@/components/ui/table' or its corresponding type declarations.
src/pages/agent/TrainingPerformance.tsx(61,29): error TS2307: Cannot find module '@/contexts/DarkModeContext' or its corresponding type declarations.
src/pages/agent/TrainingPerformance.tsx(62,17): error TS2307: Cannot find module '@/utils/api' or its corresponding type declarations.
src/pages/agent/TrainingPerformance.tsx(65,25): error TS2307: Cannot find module '@/contexts/AuthContext' or its corresponding type declarations.
src/pages/agent/TrainingPerformance.tsx(66,32): error TS2307: Cannot find module '@/components/agent/ScheduleVisitModal' or its corresponding type declarations.
src/pages/agent/TrainingPerformance.tsx(67,34): error TS2307: Cannot find module '@/components/agent/DeliverTrainingModal' or its corresponding type declarations.
src/pages/agent/TrainingPerformance.tsx(68,39): error TS2307: Cannot find module '@/components/agent/SubmitTrainingReportModal' or its corresponding type declarations.
src/pages/agent/TrainingPerformance.tsx(69,23): error TS2307: Cannot find module '@/components/ui/Preloader' or its corresponding type declarations.
src/pages/AgentDashboard.tsx(1,8): error TS1259: Module '"C:/Users/Duapa Werkspace 010/Desktop/agrilync/agrilync-protoype/node_modules/@types/react/index"' can only be default-imported using the 'esModuleInterop' flag
src/pages/AgentDashboard.tsx(4,29): error TS2307: Cannot find module '@/hooks/use-mobile' or its corresponding type declarations.
src/pages/AgentDashboard.tsx(5,26): error TS2307: Cannot find module '@/components/ui/skeleton' or its corresponding type declarations.
src/pages/AgentDashboard.tsx(12,8): error TS2307: Cannot find module '@/components/ui/card' or its corresponding type declarations.
src/pages/AgentDashboard.tsx(13,23): error TS2307: Cannot find module '@/components/ui/badge' or its corresponding type declarations.
src/pages/AgentDashboard.tsx(14,23): error TS2307: Cannot find module '@/components/ui/input' or its corresponding type declarations.
src/pages/AgentDashboard.tsx(21,8): error TS2307: Cannot find module '@/components/ui/select' or its corresponding type declarations.
src/pages/AgentDashboard.tsx(29,8): error TS2307: Cannot find module '@/components/ui/table' or its corresponding type declarations.
src/pages/AgentDashboard.tsx(30,26): error TS2307: Cannot find module '@/components/ui/progress' or its corresponding type declarations.
src/pages/AgentDashboard.tsx(31,58): error TS2307: Cannot find module '@/components/ui/tabs' or its corresponding type declarations.
src/pages/AgentDashboard.tsx(33,28): error TS2307: Cannot find module '@/components/agent/AddFarmerModal' or its corresponding type declarations.
src/pages/AgentDashboard.tsx(34,29): error TS2307: Cannot find module '@/components/agent/ViewFarmerModal' or its corresponding type declarations.
src/pages/AgentDashboard.tsx(35,28): error TS2307: Cannot find module '@/components/agent/ViewMatchModal' or its corresponding type declarations.
src/pages/AgentDashboard.tsx(36,30): error TS2307: Cannot find module '@/components/agent/ReviewMatchModal' or its corresponding type declarations.
src/pages/AgentDashboard.tsx(37,30): error TS2307: Cannot find module '@/components/agent/ViewDisputeModal' or its corresponding type declarations.
src/pages/AgentDashboard.tsx(38,35): error TS2307: Cannot find module '@/components/agent/ViewVisitDetailsModal' or its corresponding type declarations.
src/pages/AgentDashboard.tsx(39,36): error TS2307: Cannot find module '@/components/agent/VerificationQueueModal' or its corresponding type declarations.
src/pages/AgentDashboard.tsx(40,31): error TS2307: Cannot find module '@/components/agent/UploadReportModal' or its corresponding type declarations.
src/pages/AgentDashboard.tsx(41,32): error TS2307: Cannot find module '@/components/agent/ScheduleVisitModal' or its corresponding type declarations.
src/pages/AgentDashboard.tsx(43,24): error TS2307: Cannot find module '@/components/ui/button' or its corresponding type declarations.
src/pages/AgentDashboard.tsx(44,30): error TS2307: Cannot find module '@/components/agent/ActiveFarmsModal' or its corresponding type declarations.
src/pages/AgentDashboard.tsx(45,30): error TS2307: Cannot find module '@/components/agent/MediaUploadModal' or its corresponding type declarations.
src/pages/AgentDashboard.tsx(46,30): error TS2307: Cannot find module '@/components/agent/FarmJourneyModal' or its corresponding type declarations.
src/pages/AgentDashboard.tsx(47,28): error TS2307: Cannot find module '@/components/agent/OperationalMap' or its corresponding type declarations.
src/pages/AgentDashboard.tsx(48,27): error TS2307: Cannot find module '@/components/agent/AddFieldModal' or its corresponding type declarations.
src/pages/AgentDashboard.tsx(49,53): error TS2307: Cannot find module '@/components/ui/avatar' or its corresponding type declarations.
src/pages/AgentDashboard.tsx(104,29): error TS2307: Cannot find module '@/contexts/DarkModeContext' or its corresponding type declarations.
src/pages/AgentDashboard.tsx(105,21): error TS2307: Cannot find module '@/components/CountUp' or its corresponding type declarations.
src/pages/AgentDashboard.tsx(112,8): error TS2307: Cannot find module '@/data/dashboardConfig' or its corresponding type declarations.
src/pages/AgentDashboard.tsx(121,25): error TS2307: Cannot find module '@/contexts/AuthContext' or its corresponding type declarations.
src/pages/AgentDashboard.tsx(122,17): error TS2307: Cannot find module '@/utils/api' or its corresponding type declarations.
src/pages/AgentDashboard.tsx(125,23): error TS2307: Cannot find module '@/components/ui/Preloader' or its corresponding type declarations.
src/pages/AgentDashboard.tsx(126,29): error TS2307: Cannot find module '@/hooks/useDebounce' or its corresponding type declarations.
